@read1
GCTGCACCGATGTACGCAAAGCTATTTAAAACCATAACTATT
+
##########################################
GCTGCACCG          11 0 0#
 CTGCACCGA          11 0 0#
@read2
CTCACTTAACAAAAGAGCTAGGCGGTTTGGTTCCC
+
###################################
         CAAAAGAGC          11 0 0#
