ERROR    eawag.datapool  unexpected error 'division by zero' when calling by_zero(1, 2, 0)
ERROR    eawag.datapool  unexpected error 'division by zero' when calling by_zero('1', 2, c=0)
ERROR    eawag.datapool  unexpected error 'unsupported operand type(s) for /: 'str' and 'int'' when calling by_zero({1}, b='2', c=0)
