[('coord_x', '10'), ('coord_y', '10'), ('coord_z', ''), ('parameter', 'water level'), ('site', None), ('timestamp', datetime.datetime(2016, 1, 1, 12, 13)), ('value', 123.45)]
[('coord_x', '10'), ('coord_y', '20'), ('coord_z', ''), ('parameter', 'water level'), ('site', None), ('timestamp', datetime.datetime(2016, 1, 2, 23, 0, 59)), ('value', 0.0)]
