stdout: - guess settings
stdout: - created config files at <tmpdir_from_fixture>/datapool
stdout:   please edit these files and adapt the data base configuration to your setup
.
stdout: - guess settings
stderr: + something went wrong: datapool folder <tmpdir_from_fixture>/datapool already exists
