INFO     eawag.datapool  use parse_parameters to parse all files from <tmpdir_from_fixture>/landing_zone
INFO     eawag.datapool  load <tmpdir_from_fixture>/landing_zone/data/parameters.yaml
WARNING  eawag.datapool  file <tmpdir_from_fixture>/landing_zone/data/parameters.yaml is empty
file <tmpdir_from_fixture>/landing_zone/data/parameters.yaml is empty
