INFO     eawag.datapool  use parse_source_type to parse all files from <tmpdir_from_fixture>/landing_zone
INFO     eawag.datapool  load <tmpdir_from_fixture>/landing_zone/data/FloDar/source_type.yaml
source type objects read from yaml:
SourceType:
    name        : 'FloDar'
    description : 'description of FloDar'
    SpecialValueDefinition:
        categorical_value : 'NA'
        numerical_value   : -1.0
        description       : 'not a number'
    SpecialValueDefinition:
        categorical_value : 'INF'
        numerical_value   : -2.0
        description       : ''
