stdout: - guess settings
stdout: - created config files at <tmpdir_from_fixture>/etc/datapool
stdout:   please edit these files and adapt the data base configuration to your setup
stdout: + intialized db
stdout: - setup development landing zone
stdout: - operational landing zone is empty. you might use 'pool create-example' to see how to setup an initial landing zone.
stdout: + setup done
stdout: 
stdout: UPDATE_OPERATIONAL FROM EMPTY LANDING ZONE, NO WRITE PERMISSIONS
stdout: - datapool server is running.
stderr: + can not write to <tmpdir_from_fixture>/landing_zone/
stdout: 
stdout: UPDATE_OPERATIONAL FROM EMPTY LANDING ZONE WITH WRITE PERMISSIONS
stdout: - datapool server is running.
stdout: - development landing zone seems to be sane.
stdout: - check names and places of changed files at landing zone <tmpdir_from_fixture>/local_landing_zone
stdout: - file names and their places are ok
stdout: - check yaml files in landing zone at <tmpdir_from_fixture>/local_landing_zone
stdout: - copy meta data from productive db
stdout:   - copy table parameter
stdout:   - copy table parameter_averaging
stdout:   - copy table picture
stdout:   - copy table site
stdout:   - copy table source
stdout:   - copy table source_type
stdout:   - copy table special_value_definition
stdout: - check folder structure
stderr:   - sites does not exist
stderr:   - data does not exist
stderr: + folder structure is corrupted
stderr: + checks failed. don't copy files to <tmpdir_from_fixture>/landing_zone
stdout: - setup example landing zone
stdout: + example landing zone created
stdout: 
stdout: REGULAR UPDATE_OPERATIONAL
stdout: - datapool server is running.
stdout: - development landing zone seems to be sane.
stdout: - check names and places of changed files at landing zone <tmpdir_from_fixture>/local_landing_zone
stdout: - file names and their places are ok
stdout: - check yaml files in landing zone at <tmpdir_from_fixture>/local_landing_zone
stdout: - copy meta data from productive db
stdout:   - copy table parameter
stdout:   - copy table parameter_averaging
stdout:   - copy table picture
stdout:   - copy table site
stdout:   - copy table source
stdout:   - copy table source_type
stdout:   - copy table special_value_definition
stdout: - check folder structure
stdout:   - sites is ok
stdout:   - data is ok
stdout:   - data/sensor_from_company_xyz/sensor_instance_python/raw_data is ok
stdout:   - data/sensor_from_company_xyz/sensor_instance_r/raw_data is ok
stdout:   - data/sensor_from_company_xyz/sensor_instance_matlab/raw_data is ok
stdout:   - data/sensor_from_company_xyz/sensor_instance_julia/raw_data is ok
stdout: - detected 7 yaml files:
stdout:   - <tmpdir_from_fixture>/local_landing_zone/data/parameters.yaml
stdout:   - <tmpdir_from_fixture>/local_landing_zone/data/sensor_from_company_xyz/source_type.yaml
stdout:   - <tmpdir_from_fixture>/local_landing_zone/data/sensor_from_company_xyz/sensor_instance_julia/source.yaml
stdout:   - <tmpdir_from_fixture>/local_landing_zone/data/sensor_from_company_xyz/sensor_instance_matlab/source.yaml
stdout:   - <tmpdir_from_fixture>/local_landing_zone/data/sensor_from_company_xyz/sensor_instance_python/source.yaml
stdout:   - <tmpdir_from_fixture>/local_landing_zone/data/sensor_from_company_xyz/sensor_instance_r/source.yaml
stdout:   - <tmpdir_from_fixture>/local_landing_zone/sites/example_site/site.yaml
stdout: - check yaml files
stdout: - all yaml files checked
stdout: - check scripts landing zone at <tmpdir_from_fixture>/local_landing_zone
stdout: - check data/sensor_from_company_xyz/sensor_instance_julia/conversion.jl on data/sensor_from_company_xyz/sensor_instance_julia/raw_data/data-001.raw
stdout:   - wrote conversion result as csv to <tmpdir_from_tempfile_module>/sensor_instance_julia_0.csv
stdout:   - wrote conversion result as txt to <tmpdir_from_tempfile_module>/sensor_instance_julia_0.txt
stdout:   - first conversion needed <TIME> msec
stdout: - check data/sensor_from_company_xyz/sensor_instance_matlab/conversion.m on data/sensor_from_company_xyz/sensor_instance_matlab/raw_data/data-001.raw
stdout:   - wrote conversion result as csv to <tmpdir_from_tempfile_module>/sensor_instance_matlab_0.csv
stdout:   - wrote conversion result as txt to <tmpdir_from_tempfile_module>/sensor_instance_matlab_0.txt
stdout:   - first conversion needed <TIME> msec
stdout: - check data/sensor_from_company_xyz/sensor_instance_python/conversion.py on data/sensor_from_company_xyz/sensor_instance_python/raw_data/data-001.raw
stdout:   - wrote conversion result as csv to <tmpdir_from_tempfile_module>/sensor_instance_python_0.csv
stdout:   - wrote conversion result as txt to <tmpdir_from_tempfile_module>/sensor_instance_python_0.txt
stdout:   - first conversion needed <TIME> msec
stdout: - check data/sensor_from_company_xyz/sensor_instance_r/conversion.r on data/sensor_from_company_xyz/sensor_instance_r/raw_data/data-001.raw
stdout:   - wrote conversion result as csv to <tmpdir_from_tempfile_module>/sensor_instance_r_0.csv
stdout:   - wrote conversion result as txt to <tmpdir_from_tempfile_module>/sensor_instance_r_0.txt
stdout:   - first conversion needed <TIME> msec
stdout: - check signals integrity
stdout: - check signals against db
stdout: - all scripts checked
stdout: + congratulations: all checks succeeded.
stdout: - created folder sites
stdout: - created folder sites/example_site
stdout: - created folder sites/example_site/images
stdout: - copied file sites/example_site/images/24G35_regenwetter.jpg
stdout: - copied file sites/example_site/images/IMG_0312.JPG
stdout: - copied file sites/example_site/images/IMG_0732.JPG
stdout: - copied file sites/example_site/site.yaml
stdout: - copied file data/parameters.yaml
stdout: - copied file data/sensor_from_company_xyz/source_type.yaml
stdout: - copied file data/sensor_from_company_xyz/sensor_instance_julia/source.yaml
stdout: - copied file data/sensor_from_company_xyz/sensor_instance_matlab/source.yaml
stdout: - copied file data/sensor_from_company_xyz/sensor_instance_python/source.yaml
stdout: - copied file data/sensor_from_company_xyz/sensor_instance_r/source.yaml
stdout: - copied file data/sensor_from_company_xyz/sensor_instance_julia/conversion.jl
stdout: - created folder data/sensor_from_company_xyz/sensor_instance_julia/raw_data
stdout: - copied file data/sensor_from_company_xyz/sensor_instance_matlab/conversion.m
stdout: - created folder data/sensor_from_company_xyz/sensor_instance_matlab/raw_data
stdout: - copied file data/sensor_from_company_xyz/sensor_instance_python/conversion.py
stdout: - created folder data/sensor_from_company_xyz/sensor_instance_python/raw_data
stdout: - copied file data/sensor_from_company_xyz/sensor_instance_r/conversion.r
stdout: - created folder data/sensor_from_company_xyz/sensor_instance_r/raw_data
stdout: + copied/created 21 files/folders to/in <tmpdir_from_fixture>/landing_zone
stdout: 
stdout: UPDATE_OPERATIONAL ZERO UPDATES:
stdout: - datapool server is running.
stdout: - development landing zone seems to be sane.
stdout: - check names and places of changed files at landing zone <tmpdir_from_fixture>/local_landing_zone
stdout: - file names and their places are ok
stdout: - check yaml files in landing zone at <tmpdir_from_fixture>/local_landing_zone
stdout: - copy meta data from productive db
stdout:   - copy table parameter
stdout:   - copy table parameter_averaging
stdout:   - copy table picture
stdout:   - copy table site
stdout:   - copy table source
stdout:   - copy table source_type
stdout:   - copy table special_value_definition
stdout: - check folder structure
stdout:   - sites is ok
stdout:   - data is ok
stdout:   - data/sensor_from_company_xyz/sensor_instance_python/raw_data is ok
stdout:   - data/sensor_from_company_xyz/sensor_instance_r/raw_data is ok
stdout:   - data/sensor_from_company_xyz/sensor_instance_matlab/raw_data is ok
stdout:   - data/sensor_from_company_xyz/sensor_instance_julia/raw_data is ok
stdout: - detected 7 yaml files:
stdout:   - <tmpdir_from_fixture>/local_landing_zone/data/parameters.yaml
stdout:   - <tmpdir_from_fixture>/local_landing_zone/data/sensor_from_company_xyz/source_type.yaml
stdout:   - <tmpdir_from_fixture>/local_landing_zone/data/sensor_from_company_xyz/sensor_instance_julia/source.yaml
stdout:   - <tmpdir_from_fixture>/local_landing_zone/data/sensor_from_company_xyz/sensor_instance_matlab/source.yaml
stdout:   - <tmpdir_from_fixture>/local_landing_zone/data/sensor_from_company_xyz/sensor_instance_python/source.yaml
stdout:   - <tmpdir_from_fixture>/local_landing_zone/data/sensor_from_company_xyz/sensor_instance_r/source.yaml
stdout:   - <tmpdir_from_fixture>/local_landing_zone/sites/example_site/site.yaml
stdout: - check yaml files
stdout: - all yaml files checked
stdout: - check scripts landing zone at <tmpdir_from_fixture>/local_landing_zone
stdout: - skip conversion of data/sensor_from_company_xyz/sensor_instance_julia/raw_data/data-001.raw by data/sensor_from_company_xyz/sensor_instance_julia/conversion.jl. script is unchanged
stdout: - skip conversion of data/sensor_from_company_xyz/sensor_instance_matlab/raw_data/data-001.raw by data/sensor_from_company_xyz/sensor_instance_matlab/conversion.m. script is unchanged
stdout: - skip conversion of data/sensor_from_company_xyz/sensor_instance_python/raw_data/data-001.raw by data/sensor_from_company_xyz/sensor_instance_python/conversion.py. script is unchanged
stdout: - skip conversion of data/sensor_from_company_xyz/sensor_instance_r/raw_data/data-001.raw by data/sensor_from_company_xyz/sensor_instance_r/conversion.r. script is unchanged
stdout: - check signals integrity
stdout: - check signals against db
stdout: - all scripts checked
stdout: + congratulations: all checks succeeded.
stdout: - copied file data/sensor_from_company_xyz/sensor_instance_julia/raw_data/data-001.raw
stdout: - copied file data/sensor_from_company_xyz/sensor_instance_matlab/raw_data/data-001.raw
stdout: - copied file data/sensor_from_company_xyz/sensor_instance_python/raw_data/data-001.raw
stdout: - copied file data/sensor_from_company_xyz/sensor_instance_r/raw_data/data-001.raw
stdout: + copied/created 4 files/folders to/in <tmpdir_from_fixture>/landing_zone
stdout: 
stdout: UPDATE_OPERATIONAL WITHOUT SERVER PID FILE
stderr: - datapool server is not running.
