stdout: init config:

stdout: - guess settings
stderr:   - 'matlab' not found on $PATH
stdout: - created config files at <tmpdir_from_fixture>/datapool
stdout:   please edit these files and adapt the data base configuration to your setup
stdout: 
start develop:

stdout: - setup development landing zone
stdout: - operational landing zone is empty. you might use 'pool create-example' to see how to setup an initial landing zone.
stdout: + setup done
stdout: 
start develop:

stdout: - setup development landing zone
stderr:   - could not delete folder <tmpdir_from_fixture>/local_landing_zone
stderr:   - error message is: [Errno 13] Permission denied: '.start_state'
stderr: + setup failed
stderr: + can not read <tmpdir_from_fixture>/landing_zone: [Errno 13] Permission denied: '<tmpdir_from_fixture>/landing_zone'
