INFO     eawag.datapool  memory limit of 110 MB exceeded (actual consumption is 120 MB), will restart the process
