INFO     eawag.datapool  use parse_site to parse all files from <tmpdir_from_fixture>/landing_zone
INFO     eawag.datapool  load <tmpdir_from_fixture>/landing_zone/sites/example_site/site.yaml
WARNING  eawag.datapool  file <tmpdir_from_fixture>/landing_zone/sites/example_site/site.yaml is empty
file <tmpdir_from_fixture>/landing_zone/sites/example_site/site.yaml is empty
