INFO     eawag.datapool  connected to db sqlite+pysqlite:///<tmpdir_from_fixture>/datapool.db
INFO     eawag.datapool  connected to db sqlite+pysqlite:///<tmpdir_from_fixture>/datapool.db
INFO     eawag.datapool  created all tables of db sqlite+pysqlite:///<tmpdir_from_fixture>/datapool.db
INFO     eawag.datapool  use parse_site to parse all files from <tmpdir_from_fixture>/landing_zone
INFO     eawag.datapool  load <tmpdir_from_fixture>/landing_zone/sites/example_site/site.yaml
site object read from yaml:
Site scan01Dresden:
    street      : 'Flensburger Straße'
    city        : 'Schacht 24G3S, Mischsystem'
    x, y, z     : '580000', '255300', '455.3'
    description : All the details of the site.All the details the site.All the details of the site.All the details of the site.All the details of the site.All the details of the site.All the details of the site.
    pictures    : none
DEBUG    eawag.datapool  called check for site scan01Dresden
INFO     eawag.datapool  called commit for site scan01Dresden
DEBUG    eawag.datapool  add new site row <SiteDbo name=scan01Dresden, city=Schacht 24G3S, Mischsystem, x=580000, y=255300, z=455.3, description=All the details of the site.All the details the site.All the details of the site.All the details of the site.All the details of the site.All the details of the site.All the details of the site.>

site row: <SiteDbo name=scan01Dresden, city=Schacht 24G3S, Mischsystem, x=580000, y=255300, z=455.3, description=All the details of the site.All the details the site.All the details of the site.All the details of the site.All the details of the site.All the details of the site.All the details of the site.>
SiteDbo scan01Dresden:
    street      : 'Flensburger Straße'
    city        : 'Schacht 24G3S, Mischsystem'
    x, y, z     : '580000', '255300', '455.3'
    description : All the details of the site.All the details the site.All the details of the site.All the details of the site.All the details of the site.All the details of the site.All the details of the site.
    pictures    : none

table comment:

   comment_id     text     timestamp     author  
   ----------     ----     ---------     ------  

table parameter:

   parameter_id     name     description     unit  
   ------------     ----     -----------     ----  

table parameter_averaging:

   parameter_averaging_id     parameter_id     source_id     integration_length_x     integration_length_y     integration_angle     integration_time  
   ----------------------     ------------     ---------     --------------------     --------------------     -----------------     ----------------  

table picture:

   picture_id     site_id     filename     description     timestamp     data  
   ----------     -------     --------     -----------     ---------     ----  

table project:

   project_id     title     description  
   ----------     -----     -----------  

table quality:

   quality_id     flag     method  
   ----------     ----     ------  

table signal:

   signal_id     value     timestamp     parameter_id     source_id     site_id     coord_x     coord_y     coord_z  
   ---------     -----     ---------     ------------     ---------     -------     -------     -------     -------  

table signal_quality:

   signal_quality_id     quality_id     timestamp     author  
   -----------------     ----------     ---------     ------  

table signals_comments_association:

   signal_id     comment_id  
   ---------     ----------  

table signals_signal_quality_association:

   signal_id     signal_quality_id  
   ---------     -----------------  

table site:

   site_id     name              description                                  street                 postcode     city                           coord_x     coord_y     coord_z  
   -------     -------------     ----------------------------------------     ------------------     --------     --------------------------     -------     -------     -------  
   1           scan01Dresden     All the details of the site.All the deta     Flensburger Straße     None         Schacht 24G3S, Mischsystem     580000      255300      455.3    
                                 ils the site.All the details of the site                                                                                                         
                                 .All the details of the site.All the det                                                                                                         
                                 ails of the site.All the details of the                                                                                                          
                                 site.All the details of the site.                                                                                                                

table source:

   source_id     source_type_id     name     description     serial     manufacturer     manufacturing_date  
   ---------     --------------     ----     -----------     ------     ------------     ------------------  

table source_type:

   source_type_id     name     description  
   --------------     ----     -----------  

table special_value_definition:

   special_value_definition_id     source_type_id     description     categorical_value     numerical_value  
   ---------------------------     --------------     -----------     -----------------     ---------------  

