row 0: timstamp '2016-01-01 27:13:00' either has wrong format or is invalid
row 1: value 'low' is not a float
row 1: field parameter is empty
