INFO     eawag.datapool  use parse_source to parse all files from <tmpdir_from_fixture>/landing_zone
INFO     eawag.datapool  load <tmpdir_from_fixture>/landing_zone/data/FloDar/FloDar_matlab/source.yaml
WARNING  eawag.datapool  file <tmpdir_from_fixture>/landing_zone/data/FloDar/FloDar_matlab/source.yaml is empty
INFO     eawag.datapool  load <tmpdir_from_fixture>/landing_zone/data/FloDar/FloDar_R/source.yaml
WARNING  eawag.datapool  file <tmpdir_from_fixture>/landing_zone/data/FloDar/FloDar_R/source.yaml is empty
INFO     eawag.datapool  load <tmpdir_from_fixture>/landing_zone/data/FloDar/FloDar_python/source.yaml
WARNING  eawag.datapool  file <tmpdir_from_fixture>/landing_zone/data/FloDar/FloDar_python/source.yaml is empty
INFO     eawag.datapool  load <tmpdir_from_fixture>/landing_zone/data/FloDar/FloDar_julia/source.yaml
WARNING  eawag.datapool  file <tmpdir_from_fixture>/landing_zone/data/FloDar/FloDar_julia/source.yaml is empty
file <tmpdir_from_fixture>/landing_zone/data/FloDar/FloDar_matlab/source.yaml is empty
file <tmpdir_from_fixture>/landing_zone/data/FloDar/FloDar_R/source.yaml is empty
file <tmpdir_from_fixture>/landing_zone/data/FloDar/FloDar_python/source.yaml is empty
file <tmpdir_from_fixture>/landing_zone/data/FloDar/FloDar_julia/source.yaml is empty
