
run init_config
stdout: - guess settings
stderr:   - 'matlab' not found on $PATH
stdout: - created config files at <tmpdir_from_fixture>/datapool
stdout:   please edit these files and adapt the data base configuration to your setup

run check_config
stdout: - check settings in config file <tmpdir_from_fixture>/datapool/datapool.ini
stdout: - check landing zone '<tmpdir_from_fixture>/landing_zone'
stdout: - try to connect to db
stdout:   - connected to db
stdout: - check R configuration + code execution
stdout: - R interpreter works
stdout: - check python configuration + code execution
stdout: - python interpreter works
stdout: - matlab not configured, skip tests
stdout: - check julia configuration + code execution
stdout: - julia interpreter works
stdout: - checked julia version.
stdout: + all checks passed

run init_db
stdout: + intialized db

run create_example
stdout: - setup example landing zone
stdout: + example landing zone created

run check
stdout: - check names and places of changed files at landing zone <tmpdir_from_fixture>/development_landing_zone
stdout: - file names and their places are ok
stdout: - check yaml files in landing zone at <tmpdir_from_fixture>/development_landing_zone
stdout: - copy meta data from productive db
stdout:   - copy table parameter
stdout:   - copy table parameter_averaging
stdout:   - copy table picture
stdout:   - copy table site
stdout:   - copy table source
stdout:   - copy table source_type
stdout:   - copy table special_value_definition
stdout: - check folder structure
stdout:   - sites is ok
stdout:   - data is ok
stdout:   - data/sensor_from_company_xyz/sensor_instance_python/raw_data is ok
stdout:   - data/sensor_from_company_xyz/sensor_instance_r/raw_data is ok
stdout:   - data/sensor_from_company_xyz/sensor_instance_matlab/raw_data is ok
stdout:   - data/sensor_from_company_xyz/sensor_instance_julia/raw_data is ok
stdout: - detected 7 yaml files:
stdout:   - <tmpdir_from_fixture>/development_landing_zone/data/parameters.yaml
stdout:   - <tmpdir_from_fixture>/development_landing_zone/data/sensor_from_company_xyz/source_type.yaml
stdout:   - <tmpdir_from_fixture>/development_landing_zone/data/sensor_from_company_xyz/sensor_instance_julia/source.yaml
stdout:   - <tmpdir_from_fixture>/development_landing_zone/data/sensor_from_company_xyz/sensor_instance_matlab/source.yaml
stdout:   - <tmpdir_from_fixture>/development_landing_zone/data/sensor_from_company_xyz/sensor_instance_python/source.yaml
stdout:   - <tmpdir_from_fixture>/development_landing_zone/data/sensor_from_company_xyz/sensor_instance_r/source.yaml
stdout:   - <tmpdir_from_fixture>/development_landing_zone/sites/example_site/site.yaml
stdout: - check yaml files
stdout: - all yaml files checked
stdout: - check scripts landing zone at <tmpdir_from_fixture>/development_landing_zone
stdout: - check data/sensor_from_company_xyz/sensor_instance_julia/conversion.jl on data/sensor_from_company_xyz/sensor_instance_julia/raw_data/data-001.raw
stdout:   - wrote conversion result as csv to <tmpdir_from_tempfile_module>/sensor_instance_julia_0.csv
stdout:   - wrote conversion result as txt to <tmpdir_from_tempfile_module>/sensor_instance_julia_0.txt
stdout:   - first conversion needed <TIME> msec
stdout:   - second conversion needed <TIME> msec
stdout: - check data/sensor_from_company_xyz/sensor_instance_matlab/conversion.m on data/sensor_from_company_xyz/sensor_instance_matlab/raw_data/data-001.raw
stderr:   - executable in section matlab is not configured
stdout: - check data/sensor_from_company_xyz/sensor_instance_python/conversion.py on data/sensor_from_company_xyz/sensor_instance_python/raw_data/data-001.raw
stdout:   - wrote conversion result as csv to <tmpdir_from_tempfile_module>/sensor_instance_python_0.csv
stdout:   - wrote conversion result as txt to <tmpdir_from_tempfile_module>/sensor_instance_python_0.txt
stdout:   - first conversion needed <TIME> msec
stdout:   - second conversion needed <TIME> msec
stdout: - check data/sensor_from_company_xyz/sensor_instance_r/conversion.r on data/sensor_from_company_xyz/sensor_instance_r/raw_data/data-001.raw
stdout:   - wrote conversion result as csv to <tmpdir_from_tempfile_module>/sensor_instance_r_0.csv
stdout:   - wrote conversion result as txt to <tmpdir_from_tempfile_module>/sensor_instance_r_0.txt
stdout:   - first conversion needed <TIME> msec
stdout:   - second conversion needed <TIME> msec
stderr: + checks failed. please fix this.
