created output file <tmpdir_from_tempfile_module>/tests__data__failing_scripts__non_ascii_output_jl/out_data_1.txt contains non-ascii chraracters: 'ascii' codec can't decode byte 0x????????? in position 0: ordinal not in range(128)
