INFO     eawag.datapool  connected to db sqlite+pysqlite:///<tmpdir_from_fixture>/datapool.db
INFO     eawag.datapool  connected to db sqlite+pysqlite:///<tmpdir_from_fixture>/datapool.db
INFO     eawag.datapool  created all tables of db sqlite+pysqlite:///<tmpdir_from_fixture>/datapool.db
INFO     eawag.datapool  use parse_parameters to parse all files from <tmpdir_from_fixture>/landing_zone
INFO     eawag.datapool  load <tmpdir_from_fixture>/landing_zone/data/parameters.yaml
INFO     eawag.datapool  number of parameters found: 14
parameters object read from yaml:
Parameters:
    name        : 'Absorbance 200.00_nm'
    description : 'absorbance at 200.00 nm wavelength'
    unit        : 'm-1'

    name        : 'Absorbance 202.50_nm'
    description : 'absorbance at 202.50 nm wavelength'
    unit        : 'm-1'

    name        : 'rain intensity'
    description : None
    unit        : 'mm/h'

    name        : 'Water Level'
    description : None
    unit        : 'm'

    name        : 'Average Flow Velocity'
    description : None
    unit        : 'm/s'

    name        : 'Flow'
    description : None
    unit        : 'm/s'

    name        : 'Temperature'
    description : None
    unit        : 'C'

    name        : 'Surface Flow Velocity'
    description : None
    unit        : 'm/s'

    name        : 'Distance'
    description : None
    unit        : 'km'

    name        : 'Distance Reading Count'
    description : None
    unit        : '1'

    name        : 'Surcharge Level'
    description : None
    unit        : 'm'

    name        : 'Peak to Mean Ratio'
    description : None
    unit        : '1'

    name        : 'Battery Voltage'
    description : None
    unit        : 'V'

    name        : 'Number of Samples'
    description : None
    unit        : '1'
INFO     eawag.datapool  called _commit for parameter Absorbance 200.00_nm
DEBUG    eawag.datapool  add new parameter row <ParameterDbo name=Absorbance 200.00_nm, unit=m-1, description=absorbance at 200.00 nm wavelength>
INFO     eawag.datapool  called _commit for parameter Absorbance 202.50_nm
DEBUG    eawag.datapool  add new parameter row <ParameterDbo name=Absorbance 202.50_nm, unit=m-1, description=absorbance at 202.50 nm wavelength>
INFO     eawag.datapool  called _commit for parameter Average Flow Velocity
DEBUG    eawag.datapool  add new parameter row <ParameterDbo name=Average Flow Velocity, unit=m/s, description=None>
INFO     eawag.datapool  called _commit for parameter Battery Voltage
DEBUG    eawag.datapool  add new parameter row <ParameterDbo name=Battery Voltage, unit=V, description=None>
INFO     eawag.datapool  called _commit for parameter Distance
DEBUG    eawag.datapool  add new parameter row <ParameterDbo name=Distance, unit=km, description=None>
INFO     eawag.datapool  called _commit for parameter Distance Reading Count
DEBUG    eawag.datapool  add new parameter row <ParameterDbo name=Distance Reading Count, unit=1, description=None>
INFO     eawag.datapool  called _commit for parameter Flow
DEBUG    eawag.datapool  add new parameter row <ParameterDbo name=Flow, unit=m/s, description=None>
INFO     eawag.datapool  called _commit for parameter Number of Samples
DEBUG    eawag.datapool  add new parameter row <ParameterDbo name=Number of Samples, unit=1, description=None>
INFO     eawag.datapool  called _commit for parameter Peak to Mean Ratio
DEBUG    eawag.datapool  add new parameter row <ParameterDbo name=Peak to Mean Ratio, unit=1, description=None>
INFO     eawag.datapool  called _commit for parameter Surcharge Level
DEBUG    eawag.datapool  add new parameter row <ParameterDbo name=Surcharge Level, unit=m, description=None>
INFO     eawag.datapool  called _commit for parameter Surface Flow Velocity
DEBUG    eawag.datapool  add new parameter row <ParameterDbo name=Surface Flow Velocity, unit=m/s, description=None>
INFO     eawag.datapool  called _commit for parameter Temperature
DEBUG    eawag.datapool  add new parameter row <ParameterDbo name=Temperature, unit=C, description=None>
INFO     eawag.datapool  called _commit for parameter Water Level
DEBUG    eawag.datapool  add new parameter row <ParameterDbo name=Water Level, unit=m, description=None>
INFO     eawag.datapool  called _commit for parameter rain intensity
DEBUG    eawag.datapool  add new parameter row <ParameterDbo name=rain intensity, unit=mm/h, description=None>
INFO     eawag.datapool  use parse_parameters to parse all files from <tmpdir_from_fixture>/landing_zone
INFO     eawag.datapool  load <tmpdir_from_fixture>/landing_zone/data/parameters.yaml
INFO     eawag.datapool  number of parameters found: 3
parameters object read from yaml:
Parameter:
    name        : 'Absorbance 200.00_nm'
    description : 'absorbance at 200.00 nm wavelength'
    unit        : 'm-17'
Parameter:
    name        : 'Absorbance 202.50_nm'
    description : 'absorbance at 202.50 nm wavelength'
    unit        : 'm-1'
Parameter:
    name        : 'rain intensity'
    description : 'old description was empty'
    unit        : 'mm/h'
ERROR    eawag.datapool  detected removed parameters:
ERROR    eawag.datapool  ParameterDbo:
ERROR    eawag.datapool      name        : 'Average Flow Velocity'
ERROR    eawag.datapool      description : None
ERROR    eawag.datapool      unit        : 'm/s'
ERROR    eawag.datapool  ParameterDbo:
ERROR    eawag.datapool      name        : 'Battery Voltage'
ERROR    eawag.datapool      description : None
ERROR    eawag.datapool      unit        : 'V'
ERROR    eawag.datapool  ParameterDbo:
ERROR    eawag.datapool      name        : 'Distance'
ERROR    eawag.datapool      description : None
ERROR    eawag.datapool      unit        : 'km'
ERROR    eawag.datapool  ParameterDbo:
ERROR    eawag.datapool      name        : 'Distance Reading Count'
ERROR    eawag.datapool      description : None
ERROR    eawag.datapool      unit        : '1'
ERROR    eawag.datapool  ParameterDbo:
ERROR    eawag.datapool      name        : 'Flow'
ERROR    eawag.datapool      description : None
ERROR    eawag.datapool      unit        : 'm/s'
ERROR    eawag.datapool  ParameterDbo:
ERROR    eawag.datapool      name        : 'Number of Samples'
ERROR    eawag.datapool      description : None
ERROR    eawag.datapool      unit        : '1'
ERROR    eawag.datapool  ParameterDbo:
ERROR    eawag.datapool      name        : 'Peak to Mean Ratio'
ERROR    eawag.datapool      description : None
ERROR    eawag.datapool      unit        : '1'
ERROR    eawag.datapool  ParameterDbo:
ERROR    eawag.datapool      name        : 'Surcharge Level'
ERROR    eawag.datapool      description : None
ERROR    eawag.datapool      unit        : 'm'
ERROR    eawag.datapool  ParameterDbo:
ERROR    eawag.datapool      name        : 'Surface Flow Velocity'
ERROR    eawag.datapool      description : None
ERROR    eawag.datapool      unit        : 'm/s'
ERROR    eawag.datapool  ParameterDbo:
ERROR    eawag.datapool      name        : 'Temperature'
ERROR    eawag.datapool      description : None
ERROR    eawag.datapool      unit        : 'C'
ERROR    eawag.datapool  ParameterDbo:
ERROR    eawag.datapool      name        : 'Water Level'
ERROR    eawag.datapool      description : None
ERROR    eawag.datapool      unit        : 'm'

parameter Average Flow Velocity was removed

INFO     eawag.datapool  connected to db sqlite+pysqlite:///<tmpdir_from_fixture>/datapool.db
table comment:

   comment_id     text     timestamp     author  
   ----------     ----     ---------     ------  

table parameter:

   parameter_id     name                       description                            unit  
   ------------     ----------------------     ----------------------------------     ----  
   1                Absorbance 200.00_nm       absorbance at 200.00 nm wavelength     m-1   
   2                Absorbance 202.50_nm       absorbance at 202.50 nm wavelength     m-1   
   3                Average Flow Velocity      None                                   m/s   
   4                Battery Voltage            None                                   V     
   5                Distance                   None                                   km    
   6                Distance Reading Count     None                                   1     
   7                Flow                       None                                   m/s   
   8                Number of Samples          None                                   1     
   9                Peak to Mean Ratio         None                                   1     
   10               Surcharge Level            None                                   m     
   11               Surface Flow Velocity      None                                   m/s   
   12               Temperature                None                                   C     
   13               Water Level                None                                   m     
   14               rain intensity             None                                   mm/h  

table parameter_averaging:

   parameter_averaging_id     parameter_id     source_id     integration_length_x     integration_length_y     integration_angle     integration_time  
   ----------------------     ------------     ---------     --------------------     --------------------     -----------------     ----------------  

table picture:

   picture_id     site_id     filename     description     timestamp     data  
   ----------     -------     --------     -----------     ---------     ----  

table project:

   project_id     title     description  
   ----------     -----     -----------  

table quality:

   quality_id     flag     method  
   ----------     ----     ------  

table signal:

   signal_id     value     timestamp     parameter_id     source_id     site_id     coord_x     coord_y     coord_z  
   ---------     -----     ---------     ------------     ---------     -------     -------     -------     -------  

table signal_quality:

   signal_quality_id     quality_id     timestamp     author  
   -----------------     ----------     ---------     ------  

table signals_comments_association:

   signal_id     comment_id  
   ---------     ----------  

table signals_signal_quality_association:

   signal_id     signal_quality_id  
   ---------     -----------------  

table site:

   site_id     name     description     street     postcode     city     coord_x     coord_y     coord_z  
   -------     ----     -----------     ------     --------     ----     -------     -------     -------  

table source:

   source_id     source_type_id     name     description     serial     manufacturer     manufacturing_date  
   ---------     --------------     ----     -----------     ------     ------------     ------------------  

table source_type:

   source_type_id     name     description  
   --------------     ----     -----------  

table special_value_definition:

   special_value_definition_id     source_type_id     description     categorical_value     numerical_value  
   ---------------------------     --------------     -----------     -----------------     ---------------  

