INFO     eawag.datapool  connected to db sqlite+pysqlite:///<tmpdir_from_fixture>/datapool.db
INFO     eawag.datapool  connected to db sqlite+pysqlite:///<tmpdir_from_fixture>/datapool.db
INFO     eawag.datapool  created all tables of db sqlite+pysqlite:///<tmpdir_from_fixture>/datapool.db
INFO     eawag.datapool  use parse_site to parse all files from <tmpdir_from_fixture>/landing_zone
INFO     eawag.datapool  load <tmpdir_from_fixture>/landing_zone/sites/example_site/site.yaml
DEBUG    eawag.datapool  called check for site test_site
INFO     eawag.datapool  called commit for site test_site
DEBUG    eawag.datapool  add new site row <SiteDbo name=test_site, city=Schacht 24G3S, Mischsystem, x=580000, y=255300, z=455.3, description=All the details of the site.All the details the site.All the details of the site.All the details of the site.All the details of the site.All the details of the site.All the details of the site.>
<SiteDbo name=test_site, city=Schacht 24G3S, Mischsystem, x=580000, y=255300, z=455.3, description=All the details of the site.All the details the site.All the details of the site.All the details of the site.All the details of the site.All the details of the site.All the details of the site.>
INFO     eawag.datapool  use parse_site to parse all files from <tmpdir_from_fixture>/landing_zone
INFO     eawag.datapool  load <tmpdir_from_fixture>/landing_zone/sites/example_site/site.yaml
INFO     eawag.datapool  use parse_site to parse all files from <tmpdir_from_fixture>/landing_zone
INFO     eawag.datapool  load <tmpdir_from_fixture>/landing_zone/sites/example_site/site.yaml
<SiteDbo name=test_site, city=Schacht 24G3S, x=999999, y=0, z=0, description=All the details of the site.All the details the site.All the details of the site.All the details of the site.All the details of the site.All the details of the site.All the details of the site. Modifeid this>
<SiteDbo name=test_site, city=Schacht 24G3S, x=999999, y=0, z=0, description=All the details of the site.All the details the site.All the details of the site.All the details of the site.All the details of the site.All the details of the site.All the details of the site. Modifeid this>
<SiteDbo name=test_site, city=Schacht 24G3S, x=999999, y=0, z=0, description=All the details of the site.All the details the site.All the details of the site.All the details of the site.All the details of the site.All the details of the site.All the details of the site. Modifeid this>
<SiteDbo name=test_site, city=Schacht 24G3S, x=999999, y=0, z=0, description=All the details of the site.All the details the site.All the details of the site.All the details of the site.All the details of the site.All the details of the site.All the details of the site. Modifeid this>
<SiteDbo name=test_site, city=Schacht 24G3S, x=999999, y=0, z=0, description=All the details of the site.All the details the site.All the details of the site.All the details of the site.All the details of the site.All the details of the site.All the details of the site. Modifeid this>
<SiteDbo name=test_site, city=Schacht 24G3S, x=999999, y=0, z=0, description=All the details of the site.All the details the site.All the details of the site.All the details of the site.All the details of the site.All the details of the site.All the details of the site. Modifeid this>
<SiteDbo name=test_site, city=Schacht 24G3S, x=999999, y=0, z=0, description=All the details of the site.All the details the site.All the details of the site.All the details of the site.All the details of the site.All the details of the site.All the details of the site. Modifeid this>
<PictureDbo filename=1.jpg, timestamp=2016-01-01 00:00:00, description=rainevent MODIFIED>
<PictureDbo filename=3.JPG, timestamp=None, description=None>
<SiteDbo name=test_site, city=Schacht 24G3S, x=999999, y=0, z=0, description=All the details of the site.All the details the site.All the details of the site.All the details of the site.All the details of the site.All the details of the site.All the details of the site. Modifeid this>
table comment:

   comment_id     text     timestamp     author  
   ----------     ----     ---------     ------  

table parameter:

   parameter_id     name     description     unit  
   ------------     ----     -----------     ----  

table parameter_averaging:

   parameter_averaging_id     parameter_id     source_id     integration_length_x     integration_length_y     integration_angle     integration_time  
   ----------------------     ------------     ---------     --------------------     --------------------     -----------------     ----------------  

table picture:

   picture_id     site_id     filename     description            timestamp               data                              
   ----------     -------     --------     ------------------     -------------------     --------------------------------  
   1              1           1.jpg        rainevent MODIFIED     2016-01-01 00:00:00     fab67a552c8d509f899fa6fe710852cf  
   2              1           2.JPG        outside                2016-02-01 12:00:00     fab67a552c8d509f899fa6fe710852cf  
   3              1           3.JPG        None                   None                    fab67a552c8d509f899fa6fe710852cf  

table project:

   project_id     title     description  
   ----------     -----     -----------  

table quality:

   quality_id     flag     method  
   ----------     ----     ------  

table signal:

   signal_id     value     timestamp     parameter_id     source_id     site_id     coord_x     coord_y     coord_z  
   ---------     -----     ---------     ------------     ---------     -------     -------     -------     -------  

table signal_quality:

   signal_quality_id     quality_id     timestamp     author  
   -----------------     ----------     ---------     ------  

table signals_comments_association:

   signal_id     comment_id  
   ---------     ----------  

table signals_signal_quality_association:

   signal_id     signal_quality_id  
   ---------     -----------------  

table site:

   site_id     name          description                                  street                  postcode     city              coord_x     coord_y     coord_z  
   -------     ---------     ----------------------------------------     -------------------     --------     -------------     -------     -------     -------  
   1           test_site     All the details of the site.All the deta     Flensburger Strasse     66111        Schacht 24G3S     999999      0           0        
                             ils the site.All the details of the site                                                                                             
                             .All the details of the site.All the det                                                                                             
                             ails of the site.All the details of the                                                                                              
                             site.All the details of the site. Modife                                                                                             
                             id this                                                                                                                              

table source:

   source_id     source_type_id     name     description     serial     manufacturer     manufacturing_date  
   ---------     --------------     ----     -----------     ------     ------------     ------------------  

table source_type:

   source_type_id     name     description  
   --------------     ----     -----------  

table special_value_definition:

   special_value_definition_id     source_type_id     description     categorical_value     numerical_value  
   ---------------------------     --------------     -----------     -----------------     ---------------  

