 server:
     pid_file: <tmpdir_from_fixture>/datapool.pid
