source object read from yaml:
Source:
    name               : 'flodar_python'
    description        : 'source_description'
    serial             : '1234567-980-python'
    manufacturer       : 'manufacturer_name'
    manufacturing_date : datetime.date(2016, 11, 22)
    type               : 'FloDar'
    ParameterAveraging:
        parameter            : 'Temperature'
        integration_length_x : None
        integration_length_y : None
        integration_angle    : None
        integration_time     : 3600
    ParameterAveraging:
        parameter            : 'Distance'
        integration_length_x : 100
        integration_length_y : None
        integration_angle    : None
        integration_time     : None

DEBUG    eawag.datapool  called commit for source flodar_python
DEBUG    eawag.datapool  added new averaging:
DEBUG    eawag.datapool  ParameterAveraging:
DEBUG    eawag.datapool      parameter            : 'Temperature'
DEBUG    eawag.datapool      integration_length_x : None
DEBUG    eawag.datapool      integration_length_y : None
DEBUG    eawag.datapool      integration_angle    : None
DEBUG    eawag.datapool      integration_time     : 3600
DEBUG    eawag.datapool  added new averaging:
DEBUG    eawag.datapool  ParameterAveraging:
DEBUG    eawag.datapool      parameter            : 'Distance'
DEBUG    eawag.datapool      integration_length_x : 100
DEBUG    eawag.datapool      integration_length_y : None
DEBUG    eawag.datapool      integration_angle    : None
DEBUG    eawag.datapool      integration_time     : None
DEBUG    eawag.datapool  add new source_dbo <SourceDbo name=flodar_python, serial=1234567-980-python, description=source_description>
source row after update: <SourceDbo name=flodar_python, serial=1234567-980-python, description=source_description>
SourceDbo:
    name               : 'flodar_python'
    description        : 'source_description'
    serial             : '1234567-980-python'
    manufacturer       : 'manufacturer_name'
    manufacturing_date : datetime.date(2016, 11, 22)
    type               : 'FloDar'
    ParameterAveragingDbo:
        parameter            : 'Temperature'
        integration_length_x : None
        integration_length_y : None
        integration_angle    : None
        integration_time     : 3600.0
    ParameterAveragingDbo:
        parameter            : 'Distance'
        integration_length_x : 100.0
        integration_length_y : None
        integration_angle    : None
        integration_time     : None

INFO     eawag.datapool  use parse_source to parse all files from <tmpdir_from_fixture>/landing_zone
INFO     eawag.datapool  load <tmpdir_from_fixture>/landing_zone/data/FloDar/FloDar_matlab/source.yaml
INFO     eawag.datapool  load <tmpdir_from_fixture>/landing_zone/data/FloDar/source_type.yaml
INFO     eawag.datapool  load <tmpdir_from_fixture>/landing_zone/data/FloDar/FloDar_R/source.yaml
INFO     eawag.datapool  load <tmpdir_from_fixture>/landing_zone/data/FloDar/source_type.yaml
INFO     eawag.datapool  load <tmpdir_from_fixture>/landing_zone/data/FloDar/FloDar_python/source.yaml
INFO     eawag.datapool  load <tmpdir_from_fixture>/landing_zone/data/FloDar/source_type.yaml
INFO     eawag.datapool  load <tmpdir_from_fixture>/landing_zone/data/FloDar/FloDar_julia/source.yaml
INFO     eawag.datapool  load <tmpdir_from_fixture>/landing_zone/data/FloDar/source_type.yaml
source object read from yaml:
Source:
    name               : 'flodar_python'
    description        : 'source_description'
    serial             : '1234567-980-3'
    manufacturer       : 'manufacturer_name'
    manufacturing_date : datetime.date(2016, 11, 22)
    type               : 'FloDar'
    ParameterAveraging:
        parameter            : 'Temperature'
        integration_length_x : None
        integration_length_y : None
        integration_angle    : None
        integration_time     : 3600
    ParameterAveraging:
        parameter            : 'Distance'
        integration_length_x : 100
        integration_length_y : None
        integration_angle    : None
        integration_time     : None
    ParameterAveraging:
        parameter            : 'Battery Voltage'
        integration_length_x : None
        integration_length_y : None
        integration_angle    : None
        integration_time     : 60
DEBUG    eawag.datapool  called commit for source flodar_python
DEBUG    eawag.datapool  source with same name <SourceDbo name=flodar_python, serial=1234567-980-python, description=source_description> already exists
DEBUG    eawag.datapool  added new averaging:
DEBUG    eawag.datapool  ParameterAveraging:
DEBUG    eawag.datapool      parameter            : 'Battery Voltage'
DEBUG    eawag.datapool      integration_length_x : None
DEBUG    eawag.datapool      integration_length_y : None
DEBUG    eawag.datapool      integration_angle    : None
DEBUG    eawag.datapool      integration_time     : 60
<SourceDbo name=flodar_python, serial=1234567-980-3, description=source_description>
<SourceDbo name=flodar_python, serial=1234567-980-3, description=source_description>
INFO     eawag.datapool  use parse_source to parse all files from <tmpdir_from_fixture>/landing_zone
INFO     eawag.datapool  load <tmpdir_from_fixture>/landing_zone/data/FloDar/FloDar_matlab/source.yaml
INFO     eawag.datapool  load <tmpdir_from_fixture>/landing_zone/data/FloDar/source_type.yaml
INFO     eawag.datapool  load <tmpdir_from_fixture>/landing_zone/data/FloDar/FloDar_R/source.yaml
INFO     eawag.datapool  load <tmpdir_from_fixture>/landing_zone/data/FloDar/source_type.yaml
INFO     eawag.datapool  load <tmpdir_from_fixture>/landing_zone/data/FloDar/FloDar_python/source.yaml
INFO     eawag.datapool  load <tmpdir_from_fixture>/landing_zone/data/FloDar/source_type.yaml
INFO     eawag.datapool  load <tmpdir_from_fixture>/landing_zone/data/FloDar/FloDar_julia/source.yaml
INFO     eawag.datapool  load <tmpdir_from_fixture>/landing_zone/data/FloDar/source_type.yaml
source object read from yaml:
Source:
    name               : 'flodar_python'
    description        : 'source_description_change-MODIFIED'
    serial             : '1234567-980-00-MODIFIED'
    manufacturer       : 'REMOVED'
    manufacturing_date : datetime.date(2016, 12, 31)
    type               : 'FloDar'
    ParameterAveraging:
        parameter            : 'Temperature'
        integration_length_x : None
        integration_length_y : None
        integration_angle    : None
        integration_time     : 3600
    ParameterAveraging:
        parameter            : 'Distance'
        integration_length_x : 100
        integration_length_y : None
        integration_angle    : None
        integration_time     : None
    ParameterAveraging:
        parameter            : 'Battery Voltage'
        integration_length_x : None
        integration_length_y : None
        integration_angle    : None
        integration_time     : 60
<SourceDbo name=flodar_python, serial=1234567-980-00-MODIFIED, description=source_description_change-MODIFIED>
<SourceDbo name=flodar_python, serial=1234567-980-00-MODIFIED, description=source_description_change-MODIFIED>
<SourceDbo name=flodar_python, serial=1234567-980-00-MODIFIED, description=source_description_change-MODIFIED>
<SourceDbo name=flodar_python, serial=1234567-980-00-MODIFIED, description=source_description_change-MODIFIED>
<SourceDbo name=flodar_python, serial=1234567-980-00-MODIFIED, description=source_description_change-MODIFIED>
ERROR    eawag.datapool  detected removed averaging settings of '<ParameterDbo name=Temperature, unit=C, description=None>' for source 'flodar_python':
ERROR    eawag.datapool  ParameterAveragingDbo:
ERROR    eawag.datapool      parameter            : 'Temperature'
ERROR    eawag.datapool      integration_length_x : None
ERROR    eawag.datapool      integration_length_y : None
ERROR    eawag.datapool      integration_angle    : None
ERROR    eawag.datapool      integration_time     : 3600.0
INFO     eawag.datapool  connected to db sqlite+pysqlite:///<tmpdir_from_fixture>/datapool.db
table comment:

   comment_id     text     timestamp     author  
   ----------     ----     ---------     ------  

table parameter:

   parameter_id     name                       description                            unit  
   ------------     ----------------------     ----------------------------------     ----  
   1                Absorbance 200.00_nm       absorbance at 200.00 nm wavelength     m-1   
   2                Absorbance 202.50_nm       absorbance at 202.50 nm wavelength     m-1   
   3                Average Flow Velocity      None                                   m/s   
   4                Battery Voltage            None                                   V     
   5                Distance                   None                                   km    
   6                Distance Reading Count     None                                   1     
   7                Flow                       None                                   m/s   
   8                Number of Samples          None                                   1     
   9                Peak to Mean Ratio         None                                   1     
   10               Surcharge Level            None                                   m     
   11               Surface Flow Velocity      None                                   m/s   
   12               Temperature                None                                   C     
   13               Water Level                None                                   m     
   14               rain intensity             None                                   mm/h  

table parameter_averaging:

   parameter_averaging_id     parameter_id     source_id     integration_length_x     integration_length_y     integration_angle     integration_time  
   ----------------------     ------------     ---------     --------------------     --------------------     -----------------     ----------------  
   1                          12               1             None                     None                     None                  3600.0            
   2                          5                1             100.0                    None                     None                  None              
   3                          4                1             None                     None                     None                  60.0              

table picture:

   picture_id     site_id     filename     description     timestamp     data  
   ----------     -------     --------     -----------     ---------     ----  

table project:

   project_id     title     description  
   ----------     -----     -----------  

table quality:

   quality_id     flag     method  
   ----------     ----     ------  

table signal:

   signal_id     value     timestamp     parameter_id     source_id     site_id     coord_x     coord_y     coord_z  
   ---------     -----     ---------     ------------     ---------     -------     -------     -------     -------  

table signal_quality:

   signal_quality_id     quality_id     timestamp     author  
   -----------------     ----------     ---------     ------  

table signals_comments_association:

   signal_id     comment_id  
   ---------     ----------  

table signals_signal_quality_association:

   signal_id     signal_quality_id  
   ---------     -----------------  

table site:

   site_id     name     description     street     postcode     city     coord_x     coord_y     coord_z  
   -------     ----     -----------     ------     --------     ----     -------     -------     -------  

table source:

   source_id     source_type_id     name              description                            serial                      manufacturer     manufacturing_date  
   ---------     --------------     -------------     ----------------------------------     -----------------------     ------------     ------------------  
   1             1                  flodar_python     source_description_change-MODIFIED     1234567-980-00-MODIFIED     REMOVED          2016-12-31          

table source_type:

   source_type_id     name       description            
   --------------     ------     ---------------------  
   1                  FloDar     description of FloDar  

table special_value_definition:

   special_value_definition_id     source_type_id     description      categorical_value     numerical_value  
   ---------------------------     --------------     ------------     -----------------     ---------------  
   1                               1                  not a number     NA                    -1.0             
   2                               1                                   INF                   -2.0             

