2017-01-01 00:00:00
2017-10-01 00:00:00
2017-10-01 00:00:00
2017-10-01 23:00:00
2017-10-01 23:12:00
2017-10-01 23:12:01
