site ['name', 'description', 'street', 'postcode', 'city', 'x', 'y', 'z']
