stdout: - start background http server on port 8000
stdout: - setup fresh db
stdout: - check startup julia
stdout: - observe <tmpdir_from_fixture>/landing_zone now
stdout: - dispatch test.yaml
stdout:   timing: test.yaml creation to fs event handling: <TIME> msec
stdout:   timing: test.yaml creation to dispatch: <TIME> msec
stderr:   error: don't know how to handle test.yaml
stdout:   timing: test.yaml creation to end of processing: <TIME> msec
stdout:   dispatch done
stdout: - dispatch sites/example_site/site.yaml
stdout:   timing: sites/example_site/site.yaml creation to fs event handling: <TIME> msec
stdout:   timing: sites/example_site/site.yaml creation to dispatch: <TIME> msec
stderr:   error: when parsing sites/example_site/site.yaml: file <tmpdir_from_fixture>/landing_zone/sites/example_site/site.yaml is empty
stdout:   timing: sites/example_site/site.yaml creation to end of processing: <TIME> msec
stdout:   dispatch done
stdout: - dispatch data/parameters.yaml
stdout:   timing: data/parameters.yaml creation to fs event handling: <TIME> msec
stdout:   timing: data/parameters.yaml creation to dispatch: <TIME> msec
stdout:   commited changes
stdout:   skip backup, no backup folder configured
stdout:   timing: data/parameters.yaml creation to end of processing: <TIME> msec
stdout:   dispatch done
stdout: - stop http server
stdout: - stopped http server
stdout: + done
