INFO     eawag.datapool  use parse_site to parse all files from <tmpdir_from_fixture>/landing_zone
INFO     eawag.datapool  load <tmpdir_from_fixture>/landing_zone/sites/example_site/site.yaml
site object read from yaml:
Site test_site:
    street      : 'Flensburger Stra√üe'
    city        : 'Schacht 24G3S, Mischsystem'
    x, y, z     : '580000', '255300', '455.3'
    description : All the details of the site.All the details the site.All the details of the site.All the details of the site.All the details of the site.All the details of the site.All the details of the site.
    Picture:
        filename    : '1.jpg'
        timestamp   : datetime.datetime(2016, 1, 1, 0, 0)
        filesize    : 356
        description : 'rainevent'
    Picture:
        filename    : '2.JPG'
        timestamp   : datetime.datetime(2016, 2, 1, 12, 0)
        filesize    : 356
        description : 'outside'
    Picture:
        filename    : '3.JPG'
        timestamp   : None
        filesize    : 356
        description : 'manhole'
