INFO     eawag.datapool  call limit 1 exceeded, will restart the process
