table comment:

   comment_id     text                timestamp               author    
   ----------     ---------------     -------------------     --------  
   1234           example comment     1971-04-08 00:00:00     schmittu  

table parameter:

   parameter_id     name            description     unit  
   ------------     -----------     -----------     ----  
   1                wind speed                      km/h  
   2                temperature                     C     

table parameter_averaging:

   parameter_averaging_id     parameter_id     source_id     integration_length_x     integration_length_y     integration_angle     integration_time  
   ----------------------     ------------     ---------     --------------------     --------------------     -----------------     ----------------  

table picture:

   picture_id     site_id     filename     description     timestamp     data  
   ----------     -------     --------     -----------     ---------     ----  

table project:

   project_id     title     description  
   ----------     -----     -----------  

table quality:

   quality_id     flag     method  
   ----------     ----     ------  

table signal:

   signal_id     value     timestamp               parameter_id     source_id     site_id     coord_x     coord_y     coord_z  
   ---------     -----     -------------------     ------------     ---------     -------     -------     -------     -------  
   1000          42.0      1970-04-08 00:00:00     2                1             1           111         222         None     

table signal_quality:

   signal_quality_id     quality_id     timestamp     author  
   -----------------     ----------     ---------     ------  

table signals_comments_association:

   signal_id     comment_id  
   ---------     ----------  
   1000          1234        

table signals_signal_quality_association:

   signal_id     signal_quality_id  
   ---------     -----------------  

table site:

   site_id     name             description     street     postcode     city     coord_x     coord_y     coord_z  
   -------     ------------     -----------     ------     --------     ----     -------     -------     -------  
   1           example_site                                666          hell     111         222         None     

table source:

   source_id     source_type_id     name               description     serial     manufacturer     manufacturing_date  
   ---------     --------------     --------------     -----------     ------     ------------     ------------------  
   1             1                  example_source     None            000000     None             None                

table source_type:

   source_type_id     name                    description  
   --------------     -------------------     -----------  
   1                  example_source_type     None         

table special_value_definition:

   special_value_definition_id     source_type_id     description     categorical_value     numerical_value  
   ---------------------------     --------------     -----------     -----------------     ---------------  

