check <tmpdir_from_fixture>/fresh_empty_writable_folder: ok
check <tmpdir_from_fixture>/fresh_empty_writable_folder: can not list content of folder '<tmpdir_from_fixture>/fresh_empty_writable_folder'
check <tmpdir_from_fixture>/fresh_empty_writable_folder: can not write to folder '<tmpdir_from_fixture>/fresh_empty_writable_folder'
check <tmpdir_from_fixture>/fresh_empty_writable_folder: folder is not empty '<tmpdir_from_fixture>/fresh_empty_writable_folder'
