stdout: - guess settings
stderr:   - 'matlab' not found on $PATH
stdout: - created config files at <tmpdir_from_fixture>/datapool
stdout:   please edit these files and adapt the data base configuration to your setup
