ERROR    eawag.datapool  R: MESSAGE: Error in g(): object 'b' not found
ERROR    eawag.datapool  R: 
ERROR    eawag.datapool  R: CALL STACK:   withCallingHandlers({
ERROR    eawag.datapool  R:     g <- function() {
ERROR    eawag.datapool  R:         b
ERROR    eawag.datapool  R:     }
ERROR    eawag.datapool  R:     a <- g()
ERROR    eawag.datapool  R: }, error = handler)
ERROR    eawag.datapool  R: CALL STACK:   g()
