stderr: + no config file found. please run 'pool init' first.
stdout: - guess settings
stderr:   - 'matlab' not found on $PATH
stdout: - created config files at <tmpdir_from_fixture>/datapool
stdout:   please edit these files and adapt the data base configuration to your setup
stdout: 
stdout: REGULAR INIT DB:
stdout: + intialized db
stdout: 
stdout: INIT BUT DB EXISTS:
stderr: + database is already initialized, use --force TWICE to setup a fresh and empty database. YOU WILL LOOSE ALL EXISTING DATA !!!
stdout: 
stdout: INIT, DB EXISTS BUT WE USE RESET:
stdout: + intialized db
