[('city', 'cityx'), ('description', 'descriptionx'), ('name', 'namex'), ('postcode', 'postcodex'), ('street', 'streetx'), ('x', 'xx'), ('y', 'yx'), ('z', 'zx')]
