stderr: - no config file found. please run 'pool init-config' first.
stdout: init config:

stdout: - guess settings
stdout: - created config files at <tmpdir_from_fixture>/datapool
stdout:   please edit these files and adapt the data base configuration to your setup
stdout: 
check config:

stdout: - check settings in config file <tmpdir_from_fixture>/datapool/datapool.ini
stdout: - check landing zone '<tmpdir_from_fixture>/landing_zone'
stdout: - try to connect to db
stderr:   - could not connect to postgresql://user:password@127.0.0.1:5432/datapool. Error is (psycopg2.OperationalError) could not connect to server: Connection refused
	Is the server running on host "127.0.0.1" and accepting
	TCP/IP connections on port 5432?
 (Background on this error at: http://sqlalche.me/e/e3q8)
stdout: - check R configuration + code execution
stdout: - R interpreter works
stdout: - check python configuration + code execution
stdout: - python interpreter works
stdout: - check matlab configuration + code execution
stdout: - matlab interpreter works
stdout: - check julia configuration + code execution
stdout: - julia interpreter works
stdout: - checked julia version.
stderr: + at least on check failed
stdout: 
check config:

stdout: - check settings in config file <tmpdir_from_fixture>/datapool/datapool.ini
stdout: - check landing zone '<tmpdir_from_fixture>/landing_zone'
stdout: - try to connect to db
stderr:   - could not connect to postgresql://user:password@127.0.0.1:5432/datapool. Error is (psycopg2.OperationalError) could not connect to server: Connection refused
	Is the server running on host "127.0.0.1" and accepting
	TCP/IP connections on port 5432?
 (Background on this error at: http://sqlalche.me/e/e3q8)
stdout: - check R configuration + code execution
stdout: - R interpreter works
stdout: - check python configuration + code execution
stdout: - python interpreter works
stdout: - check matlab configuration + code execution
stdout: - matlab interpreter works
stdout: - check julia configuration + code execution
stdout: - julia interpreter works
stderr: - julia interpreter is of version (1, 0, 1), configured is (0, 0, 0)
stderr: + at least on check failed
