[('city', 'cityx'), ('description', 'descriptionx'), ('name', 'namex'), ('postcode', 'postcodex'), ('street', 'streetx')]
