INFO     eawag.datapool  connected to db sqlite+pysqlite:///<tmpdir_from_fixture>/datapool.db
INFO     eawag.datapool  message: timing: sites/example_site/site.yaml creation to fs event handling: <TIME> msec
INFO     eawag.datapool  message: timing: sites/example_site/site.yaml creation to dispatch: <TIME> msec
INFO     eawag.datapool  load <tmpdir_from_fixture>/sites/example_site/site.yaml
DEBUG    eawag.datapool  called check for site test_site
INFO     eawag.datapool  called commit for site test_site
DEBUG    eawag.datapool  add new site row <SiteDbo name=test_site, city=Schacht 24G3S, Mischsystem, x=580000, y=255300, z=455.3, description=All the details of the site.All the details the site.All the details of the site.All the details of the site.All the details of the site.All the details of the site.All the details of the site.>
INFO     eawag.datapool  message: commited changes
INFO     eawag.datapool  message: created folder <tmpdir_from_fixture>/backup_landing_zone/sites/example_site for backup
INFO     eawag.datapool  message: copied backup of sites/example_site/site.yaml to <tmpdir_from_fixture>/backup_landing_zone/sites/example_site/site.yaml.NOW
INFO     eawag.datapool  message: timing: sites/example_site/site.yaml creation to end of processing: <TIME> msec
INFO     eawag.datapool  message: timing: sites/example_site/images/<TIME>.JPG creation to fs event handling: <TIME> msec
INFO     eawag.datapool  message: timing: sites/example_site/images/<TIME>.JPG creation to dispatch: <TIME> msec
INFO     eawag.datapool  message: ignore file sites/example_site/images/1.JPG
INFO     eawag.datapool  message: timing: sites/example_site/images/<TIME>.JPG creation to end of processing: <TIME> msec
INFO     eawag.datapool  message: timing: sites/example_site/images/<TIME>.JPG creation to fs event handling: <TIME> msec
INFO     eawag.datapool  message: timing: sites/example_site/images/<TIME>.JPG creation to dispatch: <TIME> msec
INFO     eawag.datapool  message: ignore file sites/example_site/images/2.JPG
INFO     eawag.datapool  message: timing: sites/example_site/images/<TIME>.JPG creation to end of processing: <TIME> msec
INFO     eawag.datapool  message: timing: sites/example_site/images/<TIME>.JPG creation to fs event handling: <TIME> msec
INFO     eawag.datapool  message: timing: sites/example_site/images/<TIME>.JPG creation to dispatch: <TIME> msec
INFO     eawag.datapool  message: ignore file sites/example_site/images/3.JPG
INFO     eawag.datapool  message: timing: sites/example_site/images/<TIME>.JPG creation to end of processing: <TIME> msec
INFO     eawag.datapool  message: timing: sites/example_site/site.yaml creation to fs event handling: <TIME> msec
INFO     eawag.datapool  message: timing: sites/example_site/site.yaml creation to dispatch: <TIME> msec
INFO     eawag.datapool  load <tmpdir_from_fixture>/sites/example_site/site.yaml
DEBUG    eawag.datapool  called check for site test_site
DEBUG    eawag.datapool  site with same name <SiteDbo name=test_site, city=Schacht 24G3S, Mischsystem, x=580000, y=255300, z=455.3, description=All the details of the site.All the details the site.All the details of the site.All the details of the site.All the details of the site.All the details of the site.All the details of the site.> already exists
INFO     eawag.datapool  called commit for site test_site
DEBUG    eawag.datapool  site with same name <SiteDbo name=test_site, city=Schacht 24G3S, Mischsystem, x=580000, y=255300, z=455.3, description=All the details of the site.All the details the site.All the details of the site.All the details of the site.All the details of the site.All the details of the site.All the details of the site.> already exists
INFO     eawag.datapool  message: commited changes
INFO     eawag.datapool  message: copied backup of sites/example_site/site.yaml to <tmpdir_from_fixture>/backup_landing_zone/sites/example_site/site.yaml.NOW
INFO     eawag.datapool  message: timing: sites/example_site/site.yaml creation to end of processing: <TIME> msec
INFO     eawag.datapool  message: timing: data/parameters.yaml creation to fs event handling: <TIME> msec
INFO     eawag.datapool  message: timing: data/parameters.yaml creation to dispatch: <TIME> msec
INFO     eawag.datapool  load <tmpdir_from_fixture>/data/parameters.yaml
INFO     eawag.datapool  number of parameters found: 14
INFO     eawag.datapool  called _commit for parameter Absorbance 200.00_nm
DEBUG    eawag.datapool  add new parameter row <ParameterDbo name=Absorbance 200.00_nm, unit=m-1, description=absorbance at 200.00 nm wavelength>
INFO     eawag.datapool  called _commit for parameter Absorbance 202.50_nm
DEBUG    eawag.datapool  add new parameter row <ParameterDbo name=Absorbance 202.50_nm, unit=m-1, description=absorbance at 202.50 nm wavelength>
INFO     eawag.datapool  called _commit for parameter Average Flow Velocity
DEBUG    eawag.datapool  add new parameter row <ParameterDbo name=Average Flow Velocity, unit=m/s, description=None>
INFO     eawag.datapool  called _commit for parameter Battery Voltage
DEBUG    eawag.datapool  add new parameter row <ParameterDbo name=Battery Voltage, unit=V, description=None>
INFO     eawag.datapool  called _commit for parameter Distance
DEBUG    eawag.datapool  add new parameter row <ParameterDbo name=Distance, unit=km, description=None>
INFO     eawag.datapool  called _commit for parameter Distance Reading Count
DEBUG    eawag.datapool  add new parameter row <ParameterDbo name=Distance Reading Count, unit=1, description=None>
INFO     eawag.datapool  called _commit for parameter Flow
DEBUG    eawag.datapool  add new parameter row <ParameterDbo name=Flow, unit=m/s, description=None>
INFO     eawag.datapool  called _commit for parameter Number of Samples
DEBUG    eawag.datapool  add new parameter row <ParameterDbo name=Number of Samples, unit=1, description=None>
INFO     eawag.datapool  called _commit for parameter Peak to Mean Ratio
DEBUG    eawag.datapool  add new parameter row <ParameterDbo name=Peak to Mean Ratio, unit=1, description=None>
INFO     eawag.datapool  called _commit for parameter Surcharge Level
DEBUG    eawag.datapool  add new parameter row <ParameterDbo name=Surcharge Level, unit=m, description=None>
INFO     eawag.datapool  called _commit for parameter Surface Flow Velocity
DEBUG    eawag.datapool  add new parameter row <ParameterDbo name=Surface Flow Velocity, unit=m/s, description=None>
INFO     eawag.datapool  called _commit for parameter Temperature
DEBUG    eawag.datapool  add new parameter row <ParameterDbo name=Temperature, unit=C, description=None>
INFO     eawag.datapool  called _commit for parameter Water Level
DEBUG    eawag.datapool  add new parameter row <ParameterDbo name=Water Level, unit=m, description=None>
INFO     eawag.datapool  called _commit for parameter rain intensity
DEBUG    eawag.datapool  add new parameter row <ParameterDbo name=rain intensity, unit=mm/h, description=None>
INFO     eawag.datapool  message: commited changes
INFO     eawag.datapool  message: created folder <tmpdir_from_fixture>/backup_landing_zone/data for backup
INFO     eawag.datapool  message: copied backup of data/parameters.yaml to <tmpdir_from_fixture>/backup_landing_zone/data/parameters.yaml.NOW
INFO     eawag.datapool  message: timing: data/parameters.yaml creation to end of processing: <TIME> msec
INFO     eawag.datapool  message: timing: data/FloDar/source_type.yaml creation to fs event handling: <TIME> msec
INFO     eawag.datapool  message: timing: data/FloDar/source_type.yaml creation to dispatch: <TIME> msec
INFO     eawag.datapool  load <tmpdir_from_fixture>/data/FloDar/source_type.yaml
DEBUG    eawag.datapool  called commit for source_type FloDar
INFO     eawag.datapool  called _commit for source_type FloDar
DEBUG    eawag.datapool  add new source_type row <SourceTypeDbo name=FloDar, description=description of FloDar>
INFO     eawag.datapool  message: commited changes
INFO     eawag.datapool  message: created folder <tmpdir_from_fixture>/backup_landing_zone/data/FloDar for backup
INFO     eawag.datapool  message: copied backup of data/FloDar/source_type.yaml to <tmpdir_from_fixture>/backup_landing_zone/data/FloDar/source_type.yaml.NOW
INFO     eawag.datapool  message: timing: data/FloDar/source_type.yaml creation to end of processing: <TIME> msec
INFO     eawag.datapool  message: timing: data/FloDar/FloDar_python/source.yaml creation to fs event handling: <TIME> msec
INFO     eawag.datapool  message: timing: data/FloDar/FloDar_python/source.yaml creation to dispatch: <TIME> msec
INFO     eawag.datapool  load <tmpdir_from_fixture>/data/FloDar/FloDar_python/source.yaml
INFO     eawag.datapool  load <tmpdir_from_fixture>/data/FloDar/source_type.yaml
DEBUG    eawag.datapool  called commit for source flodar_python
DEBUG    eawag.datapool  added new averaging:
DEBUG    eawag.datapool  ParameterAveraging:
DEBUG    eawag.datapool      parameter            : 'Temperature'
DEBUG    eawag.datapool      integration_length_x : None
DEBUG    eawag.datapool      integration_length_y : None
DEBUG    eawag.datapool      integration_angle    : None
DEBUG    eawag.datapool      integration_time     : 3600
DEBUG    eawag.datapool  added new averaging:
DEBUG    eawag.datapool  ParameterAveraging:
DEBUG    eawag.datapool      parameter            : 'Distance'
DEBUG    eawag.datapool      integration_length_x : 100
DEBUG    eawag.datapool      integration_length_y : None
DEBUG    eawag.datapool      integration_angle    : None
DEBUG    eawag.datapool      integration_time     : None
DEBUG    eawag.datapool  add new source_dbo <SourceDbo name=flodar_python, serial=1234567-980-python, description=source_description>
INFO     eawag.datapool  message: commited changes
INFO     eawag.datapool  message: created folder <tmpdir_from_fixture>/backup_landing_zone/data/FloDar/FloDar_python for backup
INFO     eawag.datapool  message: copied backup of data/FloDar/FloDar_python/source.yaml to <tmpdir_from_fixture>/backup_landing_zone/data/FloDar/FloDar_python/source.yaml.NOW
INFO     eawag.datapool  message: timing: data/FloDar/FloDar_python/source.yaml creation to end of processing: <TIME> msec
INFO     eawag.datapool  message: timing: data/FloDar/FloDar_python/conversion.py creation to fs event handling: <TIME> msec
INFO     eawag.datapool  message: timing: data/FloDar/FloDar_python/conversion.py creation to dispatch: <TIME> msec
INFO     eawag.datapool  message: copied backup of data/FloDar/FloDar_python/conversion.py to <tmpdir_from_fixture>/backup_landing_zone/data/FloDar/FloDar_python/conversion.py.NOW
INFO     eawag.datapool  message: timing: data/FloDar/FloDar_python/conversion.py creation to end of processing: <TIME> msec
INFO     eawag.datapool  message: timing: data/FloDar/FloDar_python/raw_data/data-<TIME>.raw creation to fs event handling: <TIME> msec
INFO     eawag.datapool  message: timing: data/FloDar/FloDar_python/raw_data/data-<TIME>.raw creation to dispatch: <TIME> msec
INFO     eawag.datapool  convert data/FloDar/FloDar_python/raw_data/data-001.raw with data/FloDar/FloDar_python/conversion.py
INFO     eawag.datapool  message: convert data/FloDar/FloDar_python/raw_data/data-001.raw with data/FloDar/FloDar_python/conversion.py
INFO     eawag.datapool  got 4 lines from <tmpdir_from_fixture>/data/FloDar/FloDar_python/raw_data/data-001.raw
INFO     eawag.datapool  convert block from 1 to 4
INFO     eawag.datapool  timing: converting data/FloDar/FloDar_python/raw_data/data-<TIME>.raw needed <TIME> msec
INFO     eawag.datapool  message: timing: converting data/FloDar/FloDar_python/raw_data/data-<TIME>.raw needed <TIME> msec
INFO     eawag.datapool  load <tmpdir_from_fixture>/data/FloDar/FloDar_python/source.yaml
INFO     eawag.datapool  load <tmpdir_from_fixture>/data/FloDar/source_type.yaml
INFO     eawag.datapool  start checking signal uniqueness
INFO     eawag.datapool  message: start checking signal uniqueness
ERROR    eawag.datapool  checking data/FloDar/FloDar_python/raw_data/data-001.raw with data/FloDar/FloDar_python/conversion.py failed
INFO     eawag.datapool  message: checking data/FloDar/FloDar_python/raw_data/data-001.raw with data/FloDar/FloDar_python/conversion.py failed
ERROR    eawag.datapool      duplicate signal (2013-11-13 10:06:00, flodar_python, Water Level, 159.25) found 2 times
INFO     eawag.datapool  message:     duplicate signal (2013-11-13 10:06:00, flodar_python, Water Level, 159.25) found 2 times
ERROR    eawag.datapool      duplicate signal (2013-11-13 10:06:00, flodar_python, Average Flow Velocity, 0.65) found 2 times
INFO     eawag.datapool  message:     duplicate signal (2013-11-13 10:06:00, flodar_python, Average Flow Velocity, 0.65) found 2 times
ERROR    eawag.datapool      duplicate signal (2013-11-13 10:06:00, flodar_python, Flow, 39.21) found 2 times
INFO     eawag.datapool  message:     duplicate signal (2013-11-13 10:06:00, flodar_python, Flow, 39.21) found 2 times
ERROR    eawag.datapool      duplicate signal (2013-11-13 10:06:00, flodar_python, Temperature, 14.31) found 2 times
INFO     eawag.datapool  message:     duplicate signal (2013-11-13 10:06:00, flodar_python, Temperature, 14.31) found 2 times
ERROR    eawag.datapool      duplicate signal (2013-11-13 10:06:00, flodar_python, Surface Flow Velocity, 0.73) found 2 times
INFO     eawag.datapool  message:     duplicate signal (2013-11-13 10:06:00, flodar_python, Surface Flow Velocity, 0.73) found 2 times
ERROR    eawag.datapool      duplicate signal (2013-11-13 10:06:00, flodar_python, Distance, 525.75) found 2 times
INFO     eawag.datapool  message:     duplicate signal (2013-11-13 10:06:00, flodar_python, Distance, 525.75) found 2 times
ERROR    eawag.datapool      duplicate signal (2013-11-13 10:06:00, flodar_python, Distance Reading Count, 168.0) found 2 times
INFO     eawag.datapool  message:     duplicate signal (2013-11-13 10:06:00, flodar_python, Distance Reading Count, 168.0) found 2 times
ERROR    eawag.datapool      duplicate signal (2013-11-13 10:06:00, flodar_python, Surcharge Level, 0.0) found 2 times
INFO     eawag.datapool  message:     duplicate signal (2013-11-13 10:06:00, flodar_python, Surcharge Level, 0.0) found 2 times
ERROR    eawag.datapool      duplicate signal (2013-11-13 10:06:00, flodar_python, Peak to Mean Ratio, 30.31) found 2 times
INFO     eawag.datapool  message:     duplicate signal (2013-11-13 10:06:00, flodar_python, Peak to Mean Ratio, 30.31) found 2 times
ERROR    eawag.datapool      duplicate signal (2013-11-13 10:06:00, flodar_python, Number of Samples, 17.0) found 2 times
INFO     eawag.datapool  message:     duplicate signal (2013-11-13 10:06:00, flodar_python, Number of Samples, 17.0) found 2 times
INFO     eawag.datapool  check signals against db
INFO     eawag.datapool  message: check signals against db
INFO     eawag.datapool  got 10 valid signals
INFO     eawag.datapool  message: got 10 valid signals
INFO     eawag.datapool  commit signals to db
INFO     eawag.datapool  message: commit signals to db
INFO     eawag.datapool  committed 10 signals to db
INFO     eawag.datapool  message: committed 10 signals to db
INFO     eawag.datapool  timing: check and commit data/FloDar/FloDar_python/raw_data/data-<TIME>.raw needed <TIME> msec
INFO     eawag.datapool  message: timing: check and commit data/FloDar/FloDar_python/raw_data/data-<TIME>.raw needed <TIME> msec
INFO     eawag.datapool  message: created folder <tmpdir_from_fixture>/backup_landing_zone/data/FloDar/FloDar_python/raw_data for backup
INFO     eawag.datapool  message: copied backup of data/FloDar/FloDar_python/raw_data/data-001.raw to <tmpdir_from_fixture>/backup_landing_zone/data/FloDar/FloDar_python/raw_data/data-001.raw.NOW-broken
INFO     eawag.datapool  message: timing: data/FloDar/FloDar_python/raw_data/data-<TIME>.raw creation to end of processing: <TIME> msec
table site:

   site_id     name          description                                  street                 postcode     city                           coord_x     coord_y     coord_z  
   -------     ---------     ----------------------------------------     ------------------     --------     --------------------------     -------     -------     -------  
   1           test_site     All the details of the site.All the deta     Flensburger Straße     None         Schacht 24G3S, Mischsystem     580000      255300      455.3    
                             ils the site.All the details of the site                                                                                                         
                             .All the details of the site.All the det                                                                                                         
                             ails of the site.All the details of the                                                                                                          
                             site.All the details of the site.                                                                                                                

table parameter:

   parameter_id     name                       description                            unit  
   ------------     ----------------------     ----------------------------------     ----  
   1                Absorbance 200.00_nm       absorbance at 200.00 nm wavelength     m-1   
   2                Absorbance 202.50_nm       absorbance at 202.50 nm wavelength     m-1   
   3                Average Flow Velocity      None                                   m/s   
   4                Battery Voltage            None                                   V     
   5                Distance                   None                                   km    
   6                Distance Reading Count     None                                   1     
   7                Flow                       None                                   m/s   
   8                Number of Samples          None                                   1     
   9                Peak to Mean Ratio         None                                   1     
   10               Surcharge Level            None                                   m     
   11               Surface Flow Velocity      None                                   m/s   
   12               Temperature                None                                   C     
   13               Water Level                None                                   m     
   14               rain intensity             None                                   mm/h  

table source:

   source_id     source_type_id     name              description            serial                 manufacturer          manufacturing_date  
   ---------     --------------     -------------     ------------------     ------------------     -----------------     ------------------  
   1             1                  flodar_python     source_description     1234567-980-python     manufacturer_name     2016-11-22          

table source_type:

   source_type_id     name       description            
   --------------     ------     ---------------------  
   1                  FloDar     description of FloDar  

table signal:

   signal_id     value      timestamp               parameter_id     source_id     site_id     coord_x     coord_y     coord_z  
   ---------     ------     -------------------     ------------     ---------     -------     -------     -------     -------  
   1             159.25     2013-11-13 10:06:00     13               1             1           580000      255300      455.3    
   2             0.65       2013-11-13 10:06:00     3                1             1           580000      255300      455.3    
   3             39.21      2013-11-13 10:06:00     7                1             1           580000      255300      455.3    
   4             14.31      2013-11-13 10:06:00     12               1             1           580000      255300      455.3    
   5             0.73       2013-11-13 10:06:00     11               1             1           580000      255300      455.3    
   6             525.75     2013-11-13 10:06:00     5                1             1           580000      255300      455.3    
   7             168.0      2013-11-13 10:06:00     6                1             1           580000      255300      455.3    
   8             0.0        2013-11-13 10:06:00     10               1             1           580000      255300      455.3    
   9             30.31      2013-11-13 10:06:00     9                1             1           580000      255300      455.3    
   10            17.0       2013-11-13 10:06:00     8                1             1           580000      255300      455.3    

INFO     eawag.datapool  connected to db sqlite+pysqlite:///<tmpdir_from_fixture>/datapool.db
INFO     eawag.datapool  message: timing: sites/example_site/site.yaml creation to fs event handling: <TIME> msec
INFO     eawag.datapool  message: timing: sites/example_site/site.yaml creation to dispatch: <TIME> msec
INFO     eawag.datapool  load <tmpdir_from_fixture>/sites/example_site/site.yaml
DEBUG    eawag.datapool  called check for site test_site
DEBUG    eawag.datapool  site with same name <SiteDbo name=test_site, city=Schacht 24G3S, Mischsystem, x=580000, y=255300, z=455.3, description=All the details of the site.All the details the site.All the details of the site.All the details of the site.All the details of the site.All the details of the site.All the details of the site.> already exists
INFO     eawag.datapool  called commit for site test_site
DEBUG    eawag.datapool  site with same name <SiteDbo name=test_site, city=Schacht 24G3S, Mischsystem, x=580000, y=255300, z=455.3, description=All the details of the site.All the details the site.All the details of the site.All the details of the site.All the details of the site.All the details of the site.All the details of the site.> already exists
INFO     eawag.datapool  message: commited changes
INFO     eawag.datapool  message: copied backup of sites/example_site/site.yaml to <tmpdir_from_fixture>/backup_landing_zone/sites/example_site/site.yaml.NOW
INFO     eawag.datapool  message: timing: sites/example_site/site.yaml creation to end of processing: <TIME> msec
INFO     eawag.datapool  message: timing: sites/example_site/images/<TIME>.JPG creation to fs event handling: <TIME> msec
INFO     eawag.datapool  message: timing: sites/example_site/images/<TIME>.JPG creation to dispatch: <TIME> msec
INFO     eawag.datapool  message: ignore file sites/example_site/images/1.JPG
INFO     eawag.datapool  message: timing: sites/example_site/images/<TIME>.JPG creation to end of processing: <TIME> msec
INFO     eawag.datapool  message: timing: sites/example_site/images/<TIME>.JPG creation to fs event handling: <TIME> msec
INFO     eawag.datapool  message: timing: sites/example_site/images/<TIME>.JPG creation to dispatch: <TIME> msec
INFO     eawag.datapool  message: ignore file sites/example_site/images/2.JPG
INFO     eawag.datapool  message: timing: sites/example_site/images/<TIME>.JPG creation to end of processing: <TIME> msec
INFO     eawag.datapool  message: timing: sites/example_site/images/<TIME>.JPG creation to fs event handling: <TIME> msec
INFO     eawag.datapool  message: timing: sites/example_site/images/<TIME>.JPG creation to dispatch: <TIME> msec
INFO     eawag.datapool  message: ignore file sites/example_site/images/3.JPG
INFO     eawag.datapool  message: timing: sites/example_site/images/<TIME>.JPG creation to end of processing: <TIME> msec
INFO     eawag.datapool  message: timing: sites/example_site/site.yaml creation to fs event handling: <TIME> msec
INFO     eawag.datapool  message: timing: sites/example_site/site.yaml creation to dispatch: <TIME> msec
INFO     eawag.datapool  load <tmpdir_from_fixture>/sites/example_site/site.yaml
DEBUG    eawag.datapool  called check for site test_site
DEBUG    eawag.datapool  site with same name <SiteDbo name=test_site, city=Schacht 24G3S, Mischsystem, x=580000, y=255300, z=455.3, description=All the details of the site.All the details the site.All the details of the site.All the details of the site.All the details of the site.All the details of the site.All the details of the site.> already exists
INFO     eawag.datapool  called commit for site test_site
DEBUG    eawag.datapool  site with same name <SiteDbo name=test_site, city=Schacht 24G3S, Mischsystem, x=580000, y=255300, z=455.3, description=All the details of the site.All the details the site.All the details of the site.All the details of the site.All the details of the site.All the details of the site.All the details of the site.> already exists
INFO     eawag.datapool  message: commited changes
INFO     eawag.datapool  message: copied backup of sites/example_site/site.yaml to <tmpdir_from_fixture>/backup_landing_zone/sites/example_site/site.yaml.NOW
INFO     eawag.datapool  message: timing: sites/example_site/site.yaml creation to end of processing: <TIME> msec
INFO     eawag.datapool  message: timing: data/parameters.yaml creation to fs event handling: <TIME> msec
INFO     eawag.datapool  message: timing: data/parameters.yaml creation to dispatch: <TIME> msec
INFO     eawag.datapool  load <tmpdir_from_fixture>/data/parameters.yaml
INFO     eawag.datapool  number of parameters found: 14
INFO     eawag.datapool  message: nothing committed, possibly no update
INFO     eawag.datapool  message: copied backup of data/parameters.yaml to <tmpdir_from_fixture>/backup_landing_zone/data/parameters.yaml.NOW
INFO     eawag.datapool  message: timing: data/parameters.yaml creation to end of processing: <TIME> msec
INFO     eawag.datapool  message: timing: data/FloDar/source_type.yaml creation to fs event handling: <TIME> msec
INFO     eawag.datapool  message: timing: data/FloDar/source_type.yaml creation to dispatch: <TIME> msec
INFO     eawag.datapool  load <tmpdir_from_fixture>/data/FloDar/source_type.yaml
DEBUG    eawag.datapool  called commit for source_type FloDar
INFO     eawag.datapool  message: nothing committed, possibly no update
INFO     eawag.datapool  message: copied backup of data/FloDar/source_type.yaml to <tmpdir_from_fixture>/backup_landing_zone/data/FloDar/source_type.yaml.NOW
INFO     eawag.datapool  message: timing: data/FloDar/source_type.yaml creation to end of processing: <TIME> msec
INFO     eawag.datapool  message: timing: data/FloDar/FloDar_python/source.yaml creation to fs event handling: <TIME> msec
INFO     eawag.datapool  message: timing: data/FloDar/FloDar_python/source.yaml creation to dispatch: <TIME> msec
INFO     eawag.datapool  load <tmpdir_from_fixture>/data/FloDar/FloDar_python/source.yaml
INFO     eawag.datapool  load <tmpdir_from_fixture>/data/FloDar/source_type.yaml
DEBUG    eawag.datapool  called commit for source flodar_python
DEBUG    eawag.datapool  source with same name <SourceDbo name=flodar_python, serial=1234567-980-python, description=source_description> already exists
INFO     eawag.datapool  message: commited changes
INFO     eawag.datapool  message: copied backup of data/FloDar/FloDar_python/source.yaml to <tmpdir_from_fixture>/backup_landing_zone/data/FloDar/FloDar_python/source.yaml.NOW
INFO     eawag.datapool  message: timing: data/FloDar/FloDar_python/source.yaml creation to end of processing: <TIME> msec
INFO     eawag.datapool  message: timing: data/FloDar/FloDar_python/conversion.py creation to fs event handling: <TIME> msec
INFO     eawag.datapool  message: timing: data/FloDar/FloDar_python/conversion.py creation to dispatch: <TIME> msec
INFO     eawag.datapool  message: copied backup of data/FloDar/FloDar_python/conversion.py to <tmpdir_from_fixture>/backup_landing_zone/data/FloDar/FloDar_python/conversion.py.NOW
INFO     eawag.datapool  message: timing: data/FloDar/FloDar_python/conversion.py creation to end of processing: <TIME> msec
INFO     eawag.datapool  message: timing: data/FloDar/FloDar_python/raw_data/data-<TIME>.raw creation to fs event handling: <TIME> msec
INFO     eawag.datapool  message: timing: data/FloDar/FloDar_python/raw_data/data-<TIME>.raw creation to dispatch: <TIME> msec
INFO     eawag.datapool  convert data/FloDar/FloDar_python/raw_data/data-001.raw with data/FloDar/FloDar_python/conversion.py
INFO     eawag.datapool  message: convert data/FloDar/FloDar_python/raw_data/data-001.raw with data/FloDar/FloDar_python/conversion.py
INFO     eawag.datapool  got 4 lines from <tmpdir_from_fixture>/data/FloDar/FloDar_python/raw_data/data-001.raw
INFO     eawag.datapool  convert block from 1 to 4
INFO     eawag.datapool  timing: converting data/FloDar/FloDar_python/raw_data/data-<TIME>.raw needed <TIME> msec
INFO     eawag.datapool  message: timing: converting data/FloDar/FloDar_python/raw_data/data-<TIME>.raw needed <TIME> msec
INFO     eawag.datapool  load <tmpdir_from_fixture>/data/FloDar/FloDar_python/source.yaml
INFO     eawag.datapool  load <tmpdir_from_fixture>/data/FloDar/source_type.yaml
INFO     eawag.datapool  start checking signal uniqueness
INFO     eawag.datapool  message: start checking signal uniqueness
ERROR    eawag.datapool  checking data/FloDar/FloDar_python/raw_data/data-001.raw with data/FloDar/FloDar_python/conversion.py failed
INFO     eawag.datapool  message: checking data/FloDar/FloDar_python/raw_data/data-001.raw with data/FloDar/FloDar_python/conversion.py failed
ERROR    eawag.datapool      duplicate signal (2013-11-13 10:06:00, flodar_python, Water Level, 159.25) found 2 times
INFO     eawag.datapool  message:     duplicate signal (2013-11-13 10:06:00, flodar_python, Water Level, 159.25) found 2 times
ERROR    eawag.datapool      duplicate signal (2013-11-13 10:06:00, flodar_python, Average Flow Velocity, 0.65) found 2 times
INFO     eawag.datapool  message:     duplicate signal (2013-11-13 10:06:00, flodar_python, Average Flow Velocity, 0.65) found 2 times
ERROR    eawag.datapool      duplicate signal (2013-11-13 10:06:00, flodar_python, Flow, 39.21) found 2 times
INFO     eawag.datapool  message:     duplicate signal (2013-11-13 10:06:00, flodar_python, Flow, 39.21) found 2 times
ERROR    eawag.datapool      duplicate signal (2013-11-13 10:06:00, flodar_python, Temperature, 14.31) found 2 times
INFO     eawag.datapool  message:     duplicate signal (2013-11-13 10:06:00, flodar_python, Temperature, 14.31) found 2 times
ERROR    eawag.datapool      duplicate signal (2013-11-13 10:06:00, flodar_python, Surface Flow Velocity, 0.73) found 2 times
INFO     eawag.datapool  message:     duplicate signal (2013-11-13 10:06:00, flodar_python, Surface Flow Velocity, 0.73) found 2 times
ERROR    eawag.datapool      duplicate signal (2013-11-13 10:06:00, flodar_python, Distance, 525.75) found 2 times
INFO     eawag.datapool  message:     duplicate signal (2013-11-13 10:06:00, flodar_python, Distance, 525.75) found 2 times
ERROR    eawag.datapool      duplicate signal (2013-11-13 10:06:00, flodar_python, Distance Reading Count, 168.0) found 2 times
INFO     eawag.datapool  message:     duplicate signal (2013-11-13 10:06:00, flodar_python, Distance Reading Count, 168.0) found 2 times
ERROR    eawag.datapool      duplicate signal (2013-11-13 10:06:00, flodar_python, Surcharge Level, 0.0) found 2 times
INFO     eawag.datapool  message:     duplicate signal (2013-11-13 10:06:00, flodar_python, Surcharge Level, 0.0) found 2 times
ERROR    eawag.datapool      duplicate signal (2013-11-13 10:06:00, flodar_python, Peak to Mean Ratio, 30.31) found 2 times
INFO     eawag.datapool  message:     duplicate signal (2013-11-13 10:06:00, flodar_python, Peak to Mean Ratio, 30.31) found 2 times
ERROR    eawag.datapool      duplicate signal (2013-11-13 10:06:00, flodar_python, Number of Samples, 17.0) found 2 times
INFO     eawag.datapool  message:     duplicate signal (2013-11-13 10:06:00, flodar_python, Number of Samples, 17.0) found 2 times
INFO     eawag.datapool  check signals against db
INFO     eawag.datapool  message: check signals against db
INFO     eawag.datapool  got 0 valid signals
INFO     eawag.datapool  message: got 0 valid signals
INFO     eawag.datapool  timing: check and commit data/FloDar/FloDar_python/raw_data/data-<TIME>.raw needed <TIME> msec
INFO     eawag.datapool  message: timing: check and commit data/FloDar/FloDar_python/raw_data/data-<TIME>.raw needed <TIME> msec
INFO     eawag.datapool  message: copied backup of data/FloDar/FloDar_python/raw_data/data-001.raw to <tmpdir_from_fixture>/backup_landing_zone/data/FloDar/FloDar_python/raw_data/data-001.raw.NOW-broken
INFO     eawag.datapool  message: timing: data/FloDar/FloDar_python/raw_data/data-<TIME>.raw creation to end of processing: <TIME> msec
table signal:

   signal_id     value      timestamp               parameter_id     source_id     site_id     coord_x     coord_y     coord_z  
   ---------     ------     -------------------     ------------     ---------     -------     -------     -------     -------  
   1             159.25     2013-11-13 10:06:00     13               1             1           580000      255300      455.3    
   2             0.65       2013-11-13 10:06:00     3                1             1           580000      255300      455.3    
   3             39.21      2013-11-13 10:06:00     7                1             1           580000      255300      455.3    
   4             14.31      2013-11-13 10:06:00     12               1             1           580000      255300      455.3    
   5             0.73       2013-11-13 10:06:00     11               1             1           580000      255300      455.3    
   6             525.75     2013-11-13 10:06:00     5                1             1           580000      255300      455.3    
   7             168.0      2013-11-13 10:06:00     6                1             1           580000      255300      455.3    
   8             0.0        2013-11-13 10:06:00     10               1             1           580000      255300      455.3    
   9             30.31      2013-11-13 10:06:00     9                1             1           580000      255300      455.3    
   10            17.0       2013-11-13 10:06:00     8                1             1           580000      255300      455.3    


LANDING ZONE:
   .
   data
   data/parameters.yaml
   data/FloDar
   data/FloDar/source_type.yaml
   data/FloDar/FloDar_R
   data/FloDar/FloDar_R/conversion.r
   data/FloDar/FloDar_R/source.yaml
   data/FloDar/FloDar_R/raw_data
   data/FloDar/FloDar_R/raw_data/data-001.raw
   data/FloDar/FloDar_julia
   data/FloDar/FloDar_julia/conversion.jl
   data/FloDar/FloDar_julia/source.yaml
   data/FloDar/FloDar_julia/raw_data
   data/FloDar/FloDar_julia/raw_data/data-001.raw
   data/FloDar/FloDar_matlab
   data/FloDar/FloDar_matlab/conversion.m
   data/FloDar/FloDar_matlab/source.yaml
   data/FloDar/FloDar_matlab/raw_data
   data/FloDar/FloDar_matlab/raw_data/data-001.raw
   data/FloDar/FloDar_python
   data/FloDar/FloDar_python/conversion.py
   data/FloDar/FloDar_python/source.yaml
   data/FloDar/FloDar_python/raw_data
   data/FloDar/FloDar_python/raw_data/data-001.raw
   sites
   sites/example_site
   sites/example_site/site.yaml
   sites/example_site/images
   sites/example_site/images/1.jpg
   sites/example_site/images/2.JPG
   sites/example_site/images/3.JPG

FILES BACKUP LANDING ZONE:
   sites/example_site/site.yaml.NOW
   data/parameters.yaml.NOW
   data/FloDar/source_type.yaml.NOW
   data/FloDar/FloDar_python/source.yaml.NOW
   data/FloDar/FloDar_python/conversion.py.NOW
   data/FloDar/FloDar_python/raw_data/data-001.raw.NOW-broken
