INFO     eawag.datapool  use parse_source to parse all files from <tmpdir_from_fixture>/landing_zone
INFO     eawag.datapool  load <tmpdir_from_fixture>/landing_zone/data/FloDar/FloDar_matlab/source.yaml
INFO     eawag.datapool  load <tmpdir_from_fixture>/landing_zone/data/FloDar/source_type.yaml
INFO     eawag.datapool  load <tmpdir_from_fixture>/landing_zone/data/FloDar/FloDar_R/source.yaml
INFO     eawag.datapool  load <tmpdir_from_fixture>/landing_zone/data/FloDar/source_type.yaml
INFO     eawag.datapool  load <tmpdir_from_fixture>/landing_zone/data/FloDar/FloDar_python/source.yaml
INFO     eawag.datapool  load <tmpdir_from_fixture>/landing_zone/data/FloDar/source_type.yaml
INFO     eawag.datapool  load <tmpdir_from_fixture>/landing_zone/data/FloDar/FloDar_julia/source.yaml
INFO     eawag.datapool  load <tmpdir_from_fixture>/landing_zone/data/FloDar/source_type.yaml
source objects read from yamls:
Source:
    name               : 'flodar_matlab'
    description        : 'source_description'
    serial             : '1234567-980-matlab'
    manufacturer       : 'manufacturer_name'
    manufacturing_date : datetime.date(2016, 11, 22)
    type               : 'FloDar'
    ParameterAveraging:
        parameter            : 'Temperature'
        integration_length_x : None
        integration_length_y : None
        integration_angle    : None
        integration_time     : 3600
    ParameterAveraging:
        parameter            : 'Distance'
        integration_length_x : 100
        integration_length_y : None
        integration_angle    : None
        integration_time     : None
Source:
    name               : 'flodar_R'
    description        : 'source_description'
    serial             : '1234567-980-R'
    manufacturer       : 'manufacturer_name'
    manufacturing_date : datetime.date(2016, 11, 22)
    type               : 'FloDar'
    ParameterAveraging:
        parameter            : 'Temperature'
        integration_length_x : None
        integration_length_y : None
        integration_angle    : None
        integration_time     : 3600
    ParameterAveraging:
        parameter            : 'Distance'
        integration_length_x : 100
        integration_length_y : None
        integration_angle    : None
        integration_time     : None
Source:
    name               : 'flodar_python'
    description        : 'source_description'
    serial             : '1234567-980-python'
    manufacturer       : 'manufacturer_name'
    manufacturing_date : datetime.date(2016, 11, 22)
    type               : 'FloDar'
    ParameterAveraging:
        parameter            : 'Temperature'
        integration_length_x : None
        integration_length_y : None
        integration_angle    : None
        integration_time     : 3600
    ParameterAveraging:
        parameter            : 'Distance'
        integration_length_x : 100
        integration_length_y : None
        integration_angle    : None
        integration_time     : None
Source:
    name               : 'flodar_julia'
    description        : 'source_description'
    serial             : '1234567'
    manufacturer       : 'manufacturer_name'
    manufacturing_date : datetime.date(2016, 11, 22)
    type               : 'FloDar'
    ParameterAveraging:
        parameter            : 'Temperature'
        integration_length_x : None
        integration_length_y : None
        integration_angle    : None
        integration_time     : 3600
    ParameterAveraging:
        parameter            : 'Distance'
        integration_length_x : 100
        integration_length_y : None
        integration_angle    : None
        integration_time     : None
