ERROR    eawag.datapool  MATLAB:   MException with properties:
ERROR    eawag.datapool  MATLAB: 
ERROR    eawag.datapool  MATLAB:     identifier: 'MATLAB:badsubscript'
ERROR    eawag.datapool  MATLAB:        message: 'Index exceeds matrix dimensions.'
ERROR    eawag.datapool  MATLAB:          cause: {}
ERROR    eawag.datapool  MATLAB:          stack: [1x1 struct]
ERROR    eawag.datapool  MATLAB: 
ERROR    eawag.datapool  MATLAB: STACK :
ERROR    eawag.datapool  MATLAB: STACK ELEMENT 1
ERROR    eawag.datapool  MATLAB:     file: '/Users/uweschmitt/Projects/eawag_datapool/src/tests/data/failin...'
ERROR    eawag.datapool  MATLAB:     name: 'conversion'
ERROR    eawag.datapool  MATLAB:     line: 15
ERROR    eawag.datapool  MATLAB: 
