<?xml version="1.0" encoding="utf-8"?>
<!DOCTYPE document PUBLIC "+//IDN docutils.sourceforge.net//DTD Docutils Generic//EN//XML" "http://docutils.sourceforge.net/docs/ref/docutils.dtd">
<!-- Generated by Docutils 0.14 -->
<document source="/home/pehuovin/sphinx-invoke/tests/testdocs/cli_expected.rst">
    <comment xml:space="preserve">Copyright (C) 2019, Nokia</comment>
    <section ids="expected-command-line-interface" names="expected\ command\ line\ interface">
        <title>Expected Command Line Interface</title>
        <section ids="task-a" names="task_a">
            <title>task_a</title>
            <literal_block force_highlighting="False" language="default" linenos="False" xml:space="preserve">Usage: program task_a [--options] [other tasks here ...]

Docstring:
  Task a description.

  Args:
      arga:   arga description

Options:
  -a STRING, --arga=STRING</literal_block>
        </section>
        <section ids="task-b" names="task_b">
            <title>task_b</title>
            <literal_block force_highlighting="False" language="default" linenos="False" xml:space="preserve">Usage: program task_b [--options] [other tasks here ...]

Docstring:
  Task b description.

  Args:
      argb:   argb description

Options:
  -a STRING, --argb=STRING</literal_block>
        </section>
    </section>
</document>
