<?xml version="1.0" encoding="utf-8"?>
<!DOCTYPE document PUBLIC "+//IDN docutils.sourceforge.net//DTD Docutils Generic//EN//XML" "http://docutils.sourceforge.net/docs/ref/docutils.dtd">
<!-- Generated by Docutils 0.14 -->
<document source="/home/pehuovin/sphinx-invoke/tests/testdocs/cli_noargs_expected.rst">
    <comment xml:space="preserve">Copyright (C) 2019, Nokia</comment>
    <section ids="expected-command-line-interface-for-no-args" names="expected\ command\ line\ interface\ for\ no\ args">
        <title>Expected Command Line Interface for no args</title>
        <section ids="task-noargs" names="task_noargs">
            <title>task_noargs</title>
            <literal_block force_highlighting="False" language="default" linenos="False" xml:space="preserve">Usage: program task_noargs [other tasks here ...]

Docstring:
  none

Options:
  none</literal_block>
        </section>
    </section>
</document>
